Archive member included to satisfy reference by file (symbol)

C:\Users\micha\AppData\Local\Temp\VMBuilds\FTU_EM~1\mkr1000\Debug/core.a(cortex_handlers.c.o)
                              (Reset_Handler)
C:\Users\micha\AppData\Local\Temp\VMBuilds\FTU_EM~1\mkr1000\Debug/core.a(delay.c.o)
                              C:\Users\micha\AppData\Local\Temp\VMBuilds\ftu_embedded\mkr1000\Debug\ftu_embedded.cpp.o (millis)
C:\Users\micha\AppData\Local\Temp\VMBuilds\FTU_EM~1\mkr1000\Debug/core.a(hooks.c.o)
                              C:\Users\micha\AppData\Local\Temp\VMBuilds\FTU_EM~1\mkr1000\Debug/core.a(delay.c.o) (yield)
C:\Users\micha\AppData\Local\Temp\VMBuilds\FTU_EM~1\mkr1000\Debug/core.a(startup.c.o)
                              C:\Users\micha\AppData\Local\Temp\VMBuilds\FTU_EM~1\mkr1000\Debug/core.a(cortex_handlers.c.o) (SystemInit)
C:\Users\micha\AppData\Local\Temp\VMBuilds\FTU_EM~1\mkr1000\Debug/core.a(wiring.c.o)
                              C:\Users\micha\AppData\Local\Temp\VMBuilds\FTU_EM~1\mkr1000\Debug/core.a(startup.c.o) (SystemCoreClock)
C:\Users\micha\AppData\Local\Temp\VMBuilds\FTU_EM~1\mkr1000\Debug/core.a(wiring_analog.c.o)
                              C:\Users\micha\AppData\Local\Temp\VMBuilds\ftu_embedded\mkr1000\Debug\ftu_embedded.cpp.o (analogWriteResolution)
C:\Users\micha\AppData\Local\Temp\VMBuilds\FTU_EM~1\mkr1000\Debug/core.a(wiring_digital.c.o)
                              C:\Users\micha\AppData\Local\Temp\VMBuilds\ftu_embedded\mkr1000\Debug\ftu_embedded.cpp.o (pinMode)
C:\Users\micha\AppData\Local\Temp\VMBuilds\FTU_EM~1\mkr1000\Debug/core.a(wiring_private.c.o)
                              C:\Users\micha\AppData\Local\Temp\VMBuilds\ftu_embedded\mkr1000\Debug\SPI\SPI.cpp.o (pinPeripheral)
C:\Users\micha\AppData\Local\Temp\VMBuilds\FTU_EM~1\mkr1000\Debug/core.a(main.cpp.o)
                              c:/users/micha/appdata/local/arduin~1/packages/arduino/tools/arm-no~1/7-2017q4/bin/../lib/gcc/arm-none-eabi/7.2.1/../../../../arm-none-eabi/lib/thumb/v6-m/crt0.o (main)
C:\Users\micha\AppData\Local\Temp\VMBuilds\FTU_EM~1\mkr1000\Debug/core.a(Print.cpp.o)
                              C:\Users\micha\AppData\Local\Temp\VMBuilds\ftu_embedded\mkr1000\Debug\ftu_embedded.cpp.o (Print::print(char const*))
C:\Users\micha\AppData\Local\Temp\VMBuilds\FTU_EM~1\mkr1000\Debug/core.a(Reset.cpp.o)
                              C:\Users\micha\AppData\Local\Temp\VMBuilds\FTU_EM~1\mkr1000\Debug/core.a(delay.c.o) (tickReset)
C:\Users\micha\AppData\Local\Temp\VMBuilds\FTU_EM~1\mkr1000\Debug/core.a(SERCOM.cpp.o)
                              C:\Users\micha\AppData\Local\Temp\VMBCore\visualmicro\24e235a52c2628dd7158c0fcc9b79045\variant\variant.cpp.o (SERCOM::SERCOM(Sercom*))
C:\Users\micha\AppData\Local\Temp\VMBuilds\FTU_EM~1\mkr1000\Debug/core.a(Stream.cpp.o)
                              C:\Users\micha\AppData\Local\Temp\VMBuilds\ftu_embedded\mkr1000\Debug\ftu_embedded.cpp.o (Stream::readStringUntil(char))
C:\Users\micha\AppData\Local\Temp\VMBuilds\FTU_EM~1\mkr1000\Debug/core.a(Uart.cpp.o)
                              C:\Users\micha\AppData\Local\Temp\VMBCore\visualmicro\24e235a52c2628dd7158c0fcc9b79045\variant\variant.cpp.o (Uart::Uart(SERCOM*, unsigned char, unsigned char, SercomRXPad, SercomUartTXPad))
C:\Users\micha\AppData\Local\Temp\VMBuilds\FTU_EM~1\mkr1000\Debug/core.a(WString.cpp.o)
                              C:\Users\micha\AppData\Local\Temp\VMBuilds\ftu_embedded\mkr1000\Debug\ftu_embedded.cpp.o (String::~String())
C:\Users\micha\AppData\Local\Temp\VMBuilds\FTU_EM~1\mkr1000\Debug/core.a(CDC.cpp.o)
                              C:\Users\micha\AppData\Local\Temp\VMBuilds\ftu_embedded\mkr1000\Debug\ftu_embedded.cpp.o (Serial_::available())
C:\Users\micha\AppData\Local\Temp\VMBuilds\FTU_EM~1\mkr1000\Debug/core.a(PluggableUSB.cpp.o)
                              C:\Users\micha\AppData\Local\Temp\VMBuilds\FTU_EM~1\mkr1000\Debug/core.a(CDC.cpp.o) (PluggableUSB_::plug(PluggableUSBModule*))
C:\Users\micha\AppData\Local\Temp\VMBuilds\FTU_EM~1\mkr1000\Debug/core.a(USBCore.cpp.o)
                              C:\Users\micha\AppData\Local\Temp\VMBuilds\FTU_EM~1\mkr1000\Debug/core.a(CDC.cpp.o) (usbd)
C:\Users\micha\AppData\Local\Temp\VMBuilds\FTU_EM~1\mkr1000\Debug/core.a(itoa.c.o)
                              C:\Users\micha\AppData\Local\Temp\VMBuilds\FTU_EM~1\mkr1000\Debug/core.a(WString.cpp.o) (ltoa)
C:\Users\micha\AppData\Local\Temp\VMBuilds\FTU_EM~1\mkr1000\Debug/core.a(dtostrf.c.o)
                              C:\Users\micha\AppData\Local\Temp\VMBuilds\FTU_EM~1\mkr1000\Debug/core.a(WString.cpp.o) (dtostrf)
C:\Users\micha\AppData\Local\Temp\VMBuilds\FTU_EM~1\mkr1000\Debug/core.a(abi.cpp.o)
                              C:\Users\micha\AppData\Local\Temp\VMBuilds\FTU_EM~1\mkr1000\Debug/core.a(Print.cpp.o) (__cxa_pure_virtual)
C:\Users\micha\AppData\Local\Temp\VMBuilds\FTU_EM~1\mkr1000\Debug/core.a(new.cpp.o)
[...]
Memory Configuration

Name             Origin             Length             Attributes
FLASH            0x00002000         0x0003e000         xr
RAM              0x20000000         0x00008000         xrw
*default*        0x00000000         0xffffffff

Linker script and memory map

LOAD c:/users/micha/appdata/local/arduin~1/packages/arduino/tools/arm-no~1/7-2017q4/bin/../lib/gcc/arm-none-eabi/7.2.1/thumb/v6-m/crti.o
LOAD c:/users/micha/appdata/local/arduin~1/packages/arduino/tools/arm-no~1/7-2017q4/bin/../lib/gcc/arm-none-eabi/7.2.1/thumb/v6-m/crtbegin.o
LOAD c:/users/micha/appdata/local/arduin~1/packages/arduino/tools/arm-no~1/7-2017q4/bin/../lib/gcc/arm-none-eabi/7.2.1/../../../../arm-none-eabi/lib/thumb/v6-m/crt0.o
LOAD C:\Users\micha\AppData\Local\Temp\VMBuilds\ftu_embedded\mkr1000\Debug\ftu_embedded.cpp.o
LOAD C:\Users\micha\AppData\Local\Temp\VMBuilds\ftu_embedded\mkr1000\Debug\VM_DBG\VM_DBG.cpp.o
LOAD C:\Users\micha\AppData\Local\Temp\VMBuilds\ftu_embedded\mkr1000\Debug\SPI\SPI.cpp.o
LOAD C:\Users\micha\AppData\Local\Temp\VMBuilds\ftu_embedded\mkr1000\Debug\RTCZero-master\RTCZero.cpp.o
LOAD C:\Users\micha\AppData\Local\Temp\VMBCore\visualmicro\24e235a52c2628dd7158c0fcc9b79045\variant\variant.cpp.o
START GROUP
LOAD C:\Users\micha\AppData\Local\ARDUIN~1\packages\arduino\tools\CMSIS\4583DE~1.0/CMSIS/Lib/GCC/\libarm_cortexM0l_math.a
LOAD C:\Users\micha\AppData\Local\Temp\VMBuilds\FTU_EM~1\mkr1000\Debug/core.a
END GROUP
LOAD c:/users/micha/appdata/local/arduin~1/packages/arduino/tools/arm-no~1/7-2017q4/bin/../lib/gcc/arm-none-eabi/7.2.1/../../../../arm-none-eabi/lib/thumb/v6-m\libstdc++_nano.a
LOAD c:/users/micha/appdata/local/arduin~1/packages/arduino/tools/arm-no~1/7-2017q4/bin/../lib/gcc/arm-none-eabi/7.2.1/../../../../arm-none-eabi/lib/thumb/v6-m\libm.a
START GROUP
LOAD c:/users/micha/appdata/local/arduin~1/packages/arduino/tools/arm-no~1/7-2017q4/bin/../lib/gcc/arm-none-eabi/7.2.1/thumb/v6-m\libgcc.a
LOAD c:/users/micha/appdata/local/arduin~1/packages/arduino/tools/arm-no~1/7-2017q4/bin/../lib/gcc/arm-none-eabi/7.2.1/../../../../arm-none-eabi/lib/thumb/v6-m\libc_nano.a
END GROUP
START GROUP
LOAD c:/users/micha/appdata/local/arduin~1/packages/arduino/tools/arm-no~1/7-2017q4/bin/../lib/gcc/arm-none-eabi/7.2.1/thumb/v6-m\libgcc.a
LOAD c:/users/micha/appdata/local/arduin~1/packages/arduino/tools/arm-no~1/7-2017q4/bin/../lib/gcc/arm-none-eabi/7.2.1/../../../../arm-none-eabi/lib/thumb/v6-m\libc_nano.a
LOAD c:/users/micha/appdata/local/arduin~1/packages/arduino/tools/arm-no~1/7-2017q4/bin/../lib/gcc/arm-none-eabi/7.2.1/../../../../arm-none-eabi/lib/thumb/v6-m\libnosys.a
END GROUP
START GROUP
LOAD c:/users/micha/appdata/local/arduin~1/packages/arduino/tools/arm-no~1/7-2017q4/bin/../lib/gcc/arm-none-eabi/7.2.1/thumb/v6-m\libgcc.a
LOAD c:/users/micha/appdata/local/arduin~1/packages/arduino/tools/arm-no~1/7-2017q4/bin/../lib/gcc/arm-none-eabi/7.2.1/../../../../arm-none-eabi/lib/thumb/v6-m\libc_nano.a
LOAD c:/users/micha/appdata/local/arduin~1/packages/arduino/tools/arm-no~1/7-2017q4/bin/../lib/gcc/arm-none-eabi/7.2.1/../../../../arm-none-eabi/lib/thumb/v6-m\libnosys.a
END GROUP
LOAD c:/users/micha/appdata/local/arduin~1/packages/arduino/tools/arm-no~1/7-2017q4/bin/../lib/gcc/arm-none-eabi/7.2.1/thumb/v6-m/crtend.o
LOAD c:/users/micha/appdata/local/arduin~1/packages/arduino/tools/arm-no~1/7-2017q4/bin/../lib/gcc/arm-none-eabi/7.2.1/thumb/v6-m/crtn.o

.text           0x00002000     0xa538
                0x00002000                __text_start__ = .
 *(.sketch_boot)
                0x00002000                . = ALIGN (0x2000)
 *(.isr_vector)
 .isr_vector    0x00002000       0xb4 C:\Users\micha\AppData\Local\Temp\VMBuilds\FTU_EM~1\mkr1000\Debug/core.a(cortex_handlers.c.o)
                0x00002000                exception_table
 *(.text*)
 .text          0x000020b4       0x48 c:/users/micha/appdata/local/arduin~1/packages/arduino/tools/arm-no~1/7-2017q4/bin/../lib/gcc/arm-none-eabi/7.2.1/thumb/v6-m/crtbegin.o
 .text._ZN18ArduinoJson6172_9117BasicJsonDocumentINS_16DefaultAllocatorEED2Ev
                0x000020fc       0x12 C:\Users\micha\AppData\Local\Temp\VMBuilds\ftu_embedded\mkr1000\Debug\ftu_embedded.cpp.o
                0x000020fc                ArduinoJson6172_91::BasicJsonDocument<ArduinoJson6172_91::DefaultAllocator>::~BasicJsonDocument()
                0x000020fc                ArduinoJson6172_91::BasicJsonDocument<ArduinoJson6172_91::DefaultAllocator>::~BasicJsonDocument()
 .text._ZN18ArduinoJson6172_9111VariantSlot4nextEv
                0x0000210e       0x10 C:\Users\micha\AppData\Local\Temp\VMBuilds\ftu_embedded\mkr1000\Debug\ftu_embedded.cpp.o
                0x0000210e                ArduinoJson6172_91::VariantSlot::next()
 .text._ZN18ArduinoJson6172_9111safe_strcmpEPKcS1_
                0x0000211e       0x22 C:\Users\micha\AppData\Local\Temp\VMBuilds\ftu_embedded\mkr1000\Debug\ftu_embedded.cpp.o
                0x0000211e                ArduinoJson6172_91::safe_strcmp(char const*, char const*)
 .text._ZNK18ArduinoJson6172_9114CollectionData7getSlotINS_21ConstRamStringAdapterEEEPNS_11VariantSlotET_.isra.38
                0x00002140       0x20 C:\Users\micha\AppData\Local\Temp\VMBuilds\ftu_embedded\mkr1000\Debug\ftu_embedded.cpp.o
 .text._ZN18ArduinoJson6172_9115variantSetFloatEPNS_11VariantDataEf
                0x00002160       0x1c C:\Users\micha\AppData\Local\Temp\VMBuilds\ftu_embedded\mkr1000\Debug\ftu_embedded.cpp.o
                0x00002160                ArduinoJson6172_91::variantSetFloat(ArduinoJson6172_91::VariantData*, float)
 .text._ZN18ArduinoJson6172_9114CollectionData7addSlotEPNS_10MemoryPoolE
                0x0000217c       0x38 C:\Users\micha\AppData\Local\Temp\VMBuilds\ftu_embedded\mkr1000\Debug\ftu_embedded.cpp.o
                0x0000217c                ArduinoJson6172_91::CollectionData::addSlot(ArduinoJson6172_91::MemoryPool*)
 .text._ZNK18ArduinoJson6172_918ArrayRef10addElementEv
                0x000021b4       0x18 C:\Users\micha\AppData\Local\Temp\VMBuilds\ftu_embedded\mkr1000\Debug\ftu_embedded.cpp.o
                0x000021b4                ArduinoJson6172_91::ArrayRef::addElement() const
 .text._ZN18ArduinoJson6172_9114CollectionData10removeSlotEPNS_11VariantSlotE
                0x000021cc       0x3e C:\Users\micha\AppData\Local\Temp\VMBuilds\ftu_embedded\mkr1000\Debug\ftu_embedded.cpp.o
                0x000021cc                ArduinoJson6172_91::CollectionData::removeSlot(ArduinoJson6172_91::VariantSlot*)
 *fill*         0x0000220a        0x2 
 .text._ZN18ArduinoJson6172_9111parseNumberEPKcRNS_11VariantDataE
                0x0000220c      0x1c0 C:\Users\micha\AppData\Local\Temp\VMBuilds\ftu_embedded\mkr1000\Debug\ftu_embedded.cpp.o
                0x0000220c                ArduinoJson6172_91::parseNumber(char const*, ArduinoJson6172_91::VariantData&)
 .text._Z20millivolt_to_celciusf
                0x000023cc       0xa4 C:\Users\micha\AppData\Local\Temp\VMBuilds\ftu_embedded\mkr1000\Debug\ftu_embedded.cpp.o
                0x000023cc                millivolt_to_celcius(float)
 .text._Z24millivolts_to_milliTeslad
                0x00002470       0x74 C:\Users\micha\AppData\Local\Temp\VMBuilds\ftu_embedded\mkr1000\Debug\ftu_embedded.cpp.o
                0x00002470                millivolts_to_milliTesla(double)
 .text._Z15raise_mcu_error6String
                0x000024e4       0x38 C:\Users\micha\AppData\Local\Temp\VMBuilds\ftu_embedded\mkr1000\Debug\ftu_embedded.cpp.o
                0x000024e4                raise_mcu_error(String)
 .text._Z17adc_register_readh
                0x0000251c       0x60 C:\Users\micha\AppData\Local\Temp\VMBuilds\ftu_embedded\mkr1000\Debug\ftu_embedded.cpp.o
                0x0000251c                adc_register_read(unsigned char)
 .text._Z6adc_mvidd
                0x0000257c       0x7c C:\Users\micha\AppData\Local\Temp\VMBuilds\ftu_embedded\mkr1000\Debug\ftu_embedded.cpp.o
                0x0000257c                adc_mv(int, double, double)
 .text._Z22twos_complement_to_intii
                0x000025f8       0xac C:\Users\micha\AppData\Local\Temp\VMBuilds\ftu_embedded\mkr1000\Debug\ftu_embedded.cpp.o
                0x000025f8                twos_complement_to_int(int, int)
 .text._Z18adc_ovf_status_bith
                0x000026a4        0x6 C:\Users\micha\AppData\Local\Temp\VMBuilds\ftu_embedded\mkr1000\Debug\ftu_embedded.cpp.o
                0x000026a4                adc_ovf_status_bit(unsigned char)
 .text._Z9adc_dratev
                0x000026aa        0xe C:\Users\micha\AppData\Local\Temp\VMBuilds\ftu_embedded\mkr1000\Debug\ftu_embedded.cpp.o
                0x000026aa                adc_drate()
 .text._Z17adc_array_convertPtPd
                0x000026b8      0x110 C:\Users\micha\AppData\Local\Temp\VMBuilds\ftu_embedded\mkr1000\Debug\ftu_embedded.cpp.o
                0x000026b8                adc_array_convert(unsigned short*, double*)
 .text._Z21adc_supply_status_bith
                0x000027c8        0x6 C:\Users\micha\AppData\Local\Temp\VMBuilds\ftu_embedded\mkr1000\Debug\ftu_embedded.cpp.o
                0x000027c8                adc_supply_status_bit(unsigned char)
 *fill*         0x000027ce        0x2 
 .text._Z18adc_register_writehh
                0x000027d0       0x60 C:\Users\micha\AppData\Local\Temp\VMBuilds\ftu_embedded\mkr1000\Debug\ftu_embedded.cpp.o
                0x000027d0                adc_register_write(unsigned char, unsigned char)
 .text._Z14count_set_bitsi
                0x00002830       0x12 C:\Users\micha\AppData\Local\Temp\VMBuilds\ftu_embedded\mkr1000\Debug\ftu_embedded.cpp.o
                0x00002830                count_set_bits(int)
 *fill*         0x00002842        0x2 
 .text._Z16adc_send_commandh
                0x00002844       0x54 C:\Users\micha\AppData\Local\Temp\VMBuilds\ftu_embedded\mkr1000\Debug\ftu_embedded.cpp.o
                0x00002844                adc_send_command(unsigned char)
 .text._Z32adc_channel_read_register_formatv
                0x00002898       0x84 C:\Users\micha\AppData\Local\Temp\VMBuilds\ftu_embedded\mkr1000\Debug\ftu_embedded.cpp.o
                0x00002898                adc_channel_read_register_format()
 .text._Z22adc_initial_delay_timev
                0x0000291c       0x24 C:\Users\micha\AppData\Local\Temp\VMBuilds\ftu_embedded\mkr1000\Debug\ftu_embedded.cpp.o
                0x0000291c                adc_initial_delay_time()
 .text._Z13adc_auto_scanPt
                0x00002940       0xd0 C:\Users\micha\AppData\Local\Temp\VMBuilds\ftu_embedded\mkr1000\Debug\ftu_embedded.cpp.o
                0x00002940                adc_auto_scan(unsigned short*)
 .text._Z9adc_setupv
                0x00002a10      0x100 C:\Users\micha\AppData\Local\Temp\VMBuilds\ftu_embedded\mkr1000\Debug\ftu_embedded.cpp.o
                0x00002a10                adc_setup()
 .text._Z9pin_setupv
                0x00002b10       0xc8 C:\Users\micha\AppData\Local\Temp\VMBuilds\ftu_embedded\mkr1000\Debug\ftu_embedded.cpp.o
                0x00002b10                pin_setup()
 .text._Z11clock_setupv
                0x00002bd8       0x54 C:\Users\micha\AppData\Local\Temp\VMBuilds\ftu_embedded\mkr1000\Debug\ftu_embedded.cpp.o
                0x00002bd8                clock_setup()
 .text._Z8init_tc4v
                0x00002c2c       0x54 C:\Users\micha\AppData\Local\Temp\VMBuilds\ftu_embedded\mkr1000\Debug\ftu_embedded.cpp.o
                0x00002c2c                init_tc4()
 .text._Z8init_tc5v
                0x00002c80       0x60 C:\Users\micha\AppData\Local\Temp\VMBuilds\ftu_embedded\mkr1000\Debug\ftu_embedded.cpp.o
                0x00002c80                init_tc5()
 .text._Z8init_tc3v
                0x00002ce0       0x78 C:\Users\micha\AppData\Local\Temp\VMBuilds\ftu_embedded\mkr1000\Debug\ftu_embedded.cpp.o
                0x00002ce0                init_tc3()
 .text.TC4_Handler
                0x00002d58       0x20 C:\Users\micha\AppData\Local\Temp\VMBuilds\ftu_embedded\mkr1000\Debug\ftu_embedded.cpp.o
                0x00002d58                TC4_Handler
 .text.TC5_Handler
                0x00002d78       0x2c C:\Users\micha\AppData\Local\Temp\VMBuilds\ftu_embedded\mkr1000\Debug\ftu_embedded.cpp.o
                0x00002d78                TC5_Handler
 .text.TC3_Handler
                0x00002da4       0x28 C:\Users\micha\AppData\Local\Temp\VMBuilds\ftu_embedded\mkr1000\Debug\ftu_embedded.cpp.o
                0x00002da4                TC3_Handler
 .text._Z16magnetic_fsm_runii
                0x00002dcc       0x3c C:\Users\micha\AppData\Local\Temp\VMBuilds\ftu_embedded\mkr1000\Debug\ftu_embedded.cpp.o
                0x00002dcc                magnetic_fsm_run(int, int)
 .text._Z21heater_fsm_transitioniii
                0x00002e08       0x60 C:\Users\micha\AppData\Local\Temp\VMBuilds\ftu_embedded\mkr1000\Debug\ftu_embedded.cpp.o
                0x00002e08                heater_fsm_transition(int, int, int)
 .text._Z14heater_fsm_runiii
                0x00002e68       0x80 C:\Users\micha\AppData\Local\Temp\VMBuilds\ftu_embedded\mkr1000\Debug\ftu_embedded.cpp.o
                0x00002e68                heater_fsm_run(int, int, int)
 .text._Z21system_fsm_transitioniii
                0x00002ee8       0x2e C:\Users\micha\AppData\Local\Temp\VMBuilds\ftu_embedded\mkr1000\Debug\ftu_embedded.cpp.o
                0x00002ee8                system_fsm_transition(int, int, int)
 .text._ZNK18ArduinoJson6172_9114CollectionData9getMemberINS_21ConstRamStringAdapterEEEPNS_11VariantDataET_
                0x00002f16        0xa C:\Users\micha\AppData\Local\Temp\VMBuilds\ftu_embedded\mkr1000\Debug\ftu_embedded.cpp.o
                0x00002f16                ArduinoJson6172_91::VariantData* ArduinoJson6172_91::CollectionData::getMember<ArduinoJson6172_91::ConstRamStringAdapter>(ArduinoJson6172_91::ConstRamStringAdapter) const
 .text._ZN18ArduinoJson6172_9117variantSetIntegerIiEEbPNS_11VariantDataET_
                0x00002f20       0x2c C:\Users\micha\AppData\Local\Temp\VMBuilds\ftu_embedded\mkr1000\Debug\ftu_embedded.cpp.o
                0x00002f20                bool ArduinoJson6172_91::variantSetInteger<int>(ArduinoJson6172_91::VariantData*, int)
 .text._ZNK18ArduinoJson6172_9111VariantData9getMemberINS_21ConstRamStringAdapterEEEPS0_T_
                0x00002f4c       0x16 C:\Users\micha\AppData\Local\Temp\VMBuilds\ftu_embedded\mkr1000\Debug\ftu_embedded.cpp.o
                0x00002f4c                ArduinoJson6172_91::VariantData* ArduinoJson6172_91::VariantData::getMember<ArduinoJson6172_91::ConstRamStringAdapter>(ArduinoJson6172_91::ConstRamStringAdapter) const
 .text._ZN18ArduinoJson6172_9115objectGetMemberINS_21ConstRamStringAdapterEEEPNS_11VariantDataEPKNS_14CollectionDataET_
                0x00002f62        0xc C:\Users\micha\AppData\Local\Temp\VMBuilds\ftu_embedded\mkr1000\Debug\ftu_embedded.cpp.o
                0x00002f62                ArduinoJson6172_91::VariantData* ArduinoJson6172_91::objectGetMember<ArduinoJson6172_91::ConstRamStringAdapter>(ArduinoJson6172_91::CollectionData const*, ArduinoJson6172_91::ConstRamStringAdapter)
 .text._ZN18ArduinoJson6172_91eqIiEENS_9enable_ifIXntsrNS_11IsVisitableIT_EE5valueEbE4typeENS_11MemberProxyINS_9ObjectRefEPKcEERKS3_.isra.65.constprop.72
                0x00002f6e       0x7e C:\Users\micha\AppData\Local\Temp\VMBuilds\ftu_embedded\mkr1000\Debug\ftu_embedded.cpp.o
 .text._ZN18ArduinoJson6172_9116JsonDeserializerINS_6ReaderIPcvEENS_11StringMoverEE7currentEv
                0x00002fec       0x18 C:\Users\micha\AppData\Local\Temp\VMBuilds\ftu_embedded\mkr1000\Debug\ftu_embedded.cpp.o
                0x00002fec                ArduinoJson6172_91::JsonDeserializer<ArduinoJson6172_91::Reader<char*, void>, ArduinoJson6172_91::StringMover>::current()
 .text._ZN18ArduinoJson6172_9116JsonDeserializerINS_6ReaderIPcvEENS_11StringMoverEE21skipSpacesAndCommentsEv
                0x00003004       0x38 C:\Users\micha\AppData\Local\Temp\VMBuilds\ftu_embedded\mkr1000\Debug\ftu_embedded.cpp.o
                0x00003004                ArduinoJson6172_91::JsonDeserializer<ArduinoJson6172_91::Reader<char*, void>, ArduinoJson6172_91::StringMover>::skipSpacesAndComments()
 .text._ZNK18ArduinoJson6172_9111VariantData10asIntegralIiEET_v
                0x0000303c       0x7a C:\Users\micha\AppData\Local\Temp\VMBuilds\ftu_embedded\mkr1000\Debug\ftu_embedded.cpp.o
                0x0000303c                int ArduinoJson6172_91::VariantData::asIntegral<int>() const
 .text._ZNK18ArduinoJson6172_9111VariantData7asFloatIfEET_v
                0x000030b6       0x54 C:\Users\micha\AppData\Local\Temp\VMBuilds\ftu_embedded\mkr1000\Debug\ftu_embedded.cpp.o
                0x000030b6                float ArduinoJson6172_91::VariantData::asFloat<float>() const
 .text._ZN18ArduinoJson6172_919variantAsIfEENS_9enable_ifIXsrNS_17is_floating_pointIT_EE5valueES3_E4typeEPKNS_11VariantDataE
                0x0000310a       0x10 C:\Users\micha\AppData\Local\Temp\VMBuilds\ftu_embedded\mkr1000\Debug\ftu_embedded.cpp.o
                0x0000310a                ArduinoJson6172_91::enable_if<ArduinoJson6172_91::is_floating_point<float>::value, float>::type ArduinoJson6172_91::variantAs<float>(ArduinoJson6172_91::VariantData const*)
 .text._ZN18ArduinoJson6172_9116JsonDeserializerINS_6ReaderIPcvEENS_11StringMoverEE3eatEc
                0x0000311a       0x18 C:\Users\micha\AppData\Local\Temp\VMBuilds\ftu_embedded\mkr1000\Debug\ftu_embedded.cpp.o
                0x0000311a                ArduinoJson6172_91::JsonDeserializer<ArduinoJson6172_91::Reader<char*, void>, ArduinoJson6172_91::StringMover>::eat(char)
 .text._ZN18ArduinoJson6172_9116JsonDeserializerINS_6ReaderIPcvEENS_11StringMoverEE22canBeInNonQuotedStringEc
                0x00003132       0x38 C:\Users\micha\AppData\Local\Temp\VMBuilds\ftu_embedded\mkr1000\Debug\ftu_embedded.cpp.o
                0x00003132                ArduinoJson6172_91::JsonDeserializer<ArduinoJson6172_91::Reader<char*, void>, ArduinoJson6172_91::StringMover>::canBeInNonQuotedString(char)
 .text._ZN18ArduinoJson6172_9110MemoryPool10saveStringINS_20ArduinoStringAdapterEEEPKcRKT_
                0x0000316a       0x6e C:\Users\micha\AppData\Local\Temp\VMBuilds\ftu_embedded\mkr1000\Debug\ftu_embedded.cpp.o
                0x0000316a                char const* ArduinoJson6172_91::MemoryPool::saveString<ArduinoJson6172_91::ArduinoStringAdapter>(ArduinoJson6172_91::ArduinoStringAdapter const&)
 .text._ZN18ArduinoJson6172_9111VariantData14getOrAddMemberINS_20ArduinoStringAdapterEEEPS0_T_PNS_10MemoryPoolE
                0x000031d8       0x84 C:\Users\micha\AppData\Local\Temp\VMBuilds\ftu_embedded\mkr1000\Debug\ftu_embedded.cpp.o
                0x000031d8                ArduinoJson6172_91::VariantData* ArduinoJson6172_91::VariantData::getOrAddMember<ArduinoJson6172_91::ArduinoStringAdapter>(ArduinoJson6172_91::ArduinoStringAdapter, ArduinoJson6172_91::MemoryPool*)
 .text._ZN18ArduinoJson6172_9112JsonDocument17createNestedArrayI6StringEENS_8ArrayRefERKT_
                0x0000325c       0x32 C:\Users\micha\AppData\Local\Temp\VMBuilds\ftu_embedded\mkr1000\Debug\ftu_embedded.cpp.o
                0x0000325c                ArduinoJson6172_91::ArrayRef ArduinoJson6172_91::JsonDocument::createNestedArray<String>(String const&)
 *fill*         0x0000328e        0x2 
 .text._Z15update_json_docibbb6StringPdfff
                0x00003290      0x3a4 C:\Users\micha\AppData\Local\Temp\VMBuilds\ftu_embedded\mkr1000\Debug\ftu_embedded.cpp.o
                0x00003290                update_json_doc(int, bool, bool, bool, String, double*, float, float, float)
 .text._ZN18ArduinoJson6172_914Utf815encodeCodepointINS_11StringMoverEEEvmRT_
                0x00003634       0x82 C:\Users\micha\AppData\Local\Temp\VMBuilds\ftu_embedded\mkr1000\Debug\ftu_embedded.cpp.o
                0x00003634                void ArduinoJson6172_91::Utf8::encodeCodepoint<ArduinoJson6172_91::StringMover>(unsigned long, ArduinoJson6172_91::StringMover&)
 *fill*         0x000036b6        0x2 
 .text._ZN18ArduinoJson6172_9116JsonDeserializerINS_6ReaderIPcvEENS_11StringMoverEE17parseQuotedStringEv
                0x000036b8       0xe8 C:\Users\micha\AppData\Local\Temp\VMBuilds\ftu_embedded\mkr1000\Debug\ftu_embedded.cpp.o
                0x000036b8                ArduinoJson6172_91::JsonDeserializer<ArduinoJson6172_91::Reader<char*, void>, ArduinoJson6172_91::StringMover>::parseQuotedString()
 .text._ZN18ArduinoJson6172_9116JsonDeserializerINS_6ReaderIPcvEENS_11StringMoverEE8parseKeyEv
                0x000037a0       0x5e C:\Users\micha\AppData\Local\Temp\VMBuilds\ftu_embedded\mkr1000\Debug\ftu_embedded.cpp.o
                0x000037a0                ArduinoJson6172_91::JsonDeserializer<ArduinoJson6172_91::Reader<char*, void>, ArduinoJson6172_91::StringMover>::parseKey()
 .text._ZN18ArduinoJson6172_9116JsonDeserializerINS_6ReaderIPcvEENS_11StringMoverEE12parseVariantINS_14AllowAllFilterEEEbRNS_11VariantDataET_NS_12NestingLimitE
                0x000037fe      0x196 C:\Users\micha\AppData\Local\Temp\VMBuilds\ftu_embedded\mkr1000\Debug\ftu_embedded.cpp.o
                0x000037fe                bool ArduinoJson6172_91::JsonDeserializer<ArduinoJson6172_91::Reader<char*, void>, ArduinoJson6172_91::StringMover>::parseVariant<ArduinoJson6172_91::AllowAllFilter>(ArduinoJson6172_91::VariantData&, ArduinoJson6172_91::AllowAllFilter, ArduinoJson6172_91::NestingLimit)
 .text._ZN18ArduinoJson6172_9116JsonDeserializerINS_6ReaderIPcvEENS_11StringMoverEE11parseObjectINS_14AllowAllFilterEEEbRNS_14CollectionDataET_NS_12NestingLimitE
                0x00003994       0xc4 C:\Users\micha\AppData\Local\Temp\VMBuilds\ftu_embedded\mkr1000\Debug\ftu_embedded.cpp.o
                0x00003994                bool ArduinoJson6172_91::JsonDeserializer<ArduinoJson6172_91::Reader<char*, void>, ArduinoJson6172_91::StringMover>::parseObject<ArduinoJson6172_91::AllowAllFilter>(ArduinoJson6172_91::CollectionData&, ArduinoJson6172_91::AllowAllFilter, ArduinoJson6172_91::NestingLimit)
 .text._ZN18ArduinoJson6172_9117CountingDecoratorINS_6WriterI7Serial_vEEE5writeEPKhj
                0x00003a58       0x14 C:\Users\micha\AppData\Local\Temp\VMBuilds\ftu_embedded\mkr1000\Debug\ftu_embedded.cpp.o
                0x00003a58                ArduinoJson6172_91::CountingDecorator<ArduinoJson6172_91::Writer<Serial_, void> >::write(unsigned char const*, unsigned int)
 .text._ZN18ArduinoJson6172_9113TextFormatterINS_6WriterI7Serial_vEEE8writeRawEPKc
                0x00003a6c       0x18 C:\Users\micha\AppData\Local\Temp\VMBuilds\ftu_embedded\mkr1000\Debug\ftu_embedded.cpp.o
                0x00003a6c                ArduinoJson6172_91::TextFormatter<ArduinoJson6172_91::Writer<Serial_, void> >::writeRaw(char const*)
 .text._ZN18ArduinoJson6172_9113TextFormatterINS_6WriterI7Serial_vEEE20writePositiveIntegerImEEvT_
                0x00003a84       0x3a C:\Users\micha\AppData\Local\Temp\VMBuilds\ftu_embedded\mkr1000\Debug\ftu_embedded.cpp.o
                0x00003a84                void ArduinoJson6172_91::TextFormatter<ArduinoJson6172_91::Writer<Serial_, void> >::writePositiveInteger<unsigned long>(unsigned long)
 *fill*         0x00003abe        0x2 
 .text._ZN18ArduinoJson6172_9110FloatPartsIfEC2Ef
                0x00003ac0      0x188 C:\Users\micha\AppData\Local\Temp\VMBuilds\ftu_embedded\mkr1000\Debug\ftu_embedded.cpp.o
                0x00003ac0                ArduinoJson6172_91::FloatParts<float>::FloatParts(float)
                0x00003ac0                ArduinoJson6172_91::FloatParts<float>::FloatParts(float)
 .text._ZN18ArduinoJson6172_9117CountingDecoratorINS_6WriterI7Serial_vEEE5writeEh
                0x00003c48       0x14 C:\Users\micha\AppData\Local\Temp\VMBuilds\ftu_embedded\mkr1000\Debug\ftu_embedded.cpp.o
                0x00003c48                ArduinoJson6172_91::CountingDecorator<ArduinoJson6172_91::Writer<Serial_, void> >::write(unsigned char)
 .text._ZN18ArduinoJson6172_9113TextFormatterINS_6WriterI7Serial_vEEE11writeStringEPKc
                0x00003c5c       0x44 C:\Users\micha\AppData\Local\Temp\VMBuilds\ftu_embedded\mkr1000\Debug\ftu_embedded.cpp.o
                0x00003c5c                ArduinoJson6172_91::TextFormatter<ArduinoJson6172_91::Writer<Serial_, void> >::writeString(char const*)
 .text._ZN18ArduinoJson6172_9113TextFormatterINS_6WriterI7Serial_vEEE10writeFloatIfEEvT_
                0x00003ca0      0x158 C:\Users\micha\AppData\Local\Temp\VMBuilds\ftu_embedded\mkr1000\Debug\ftu_embedded.cpp.o
                0x00003ca0                void ArduinoJson6172_91::TextFormatter<ArduinoJson6172_91::Writer<Serial_, void> >::writeFloat<float>(float)
 .text._ZNK18ArduinoJson6172_9111VariantData6acceptINS_14JsonSerializerINS_6WriterI7Serial_vEEEEEENT_11result_typeERS7_
                0x00003df8      0x100 C:\Users\micha\AppData\Local\Temp\VMBuilds\ftu_embedded\mkr1000\Debug\ftu_embedded.cpp.o
                0x00003df8                ArduinoJson6172_91::JsonSerializer<ArduinoJson6172_91::Writer<Serial_, void> >::result_type ArduinoJson6172_91::VariantData::accept<ArduinoJson6172_91::JsonSerializer<ArduinoJson6172_91::Writer<Serial_, void> > >(ArduinoJson6172_91::JsonSerializer<ArduinoJson6172_91::Writer<Serial_, void> >&) const
 .text._ZN18ArduinoJson6172_9111doSerializeINS_14JsonSerializerENS_17BasicJsonDocumentINS_16DefaultAllocatorEEENS_6WriterI7Serial_vEEEEjRKT0_T1_
                0x00003ef8       0x14 C:\Users\micha\AppData\Local\Temp\VMBuilds\ftu_embedded\mkr1000\Debug\ftu_embedded.cpp.o
                0x00003ef8                unsigned int ArduinoJson6172_91::doSerialize<ArduinoJson6172_91::JsonSerializer, ArduinoJson6172_91::BasicJsonDocument<ArduinoJson6172_91::DefaultAllocator>, ArduinoJson6172_91::Writer<Serial_, void> >(ArduinoJson6172_91::BasicJsonDocument<ArduinoJson6172_91::DefaultAllocator> const&, ArduinoJson6172_91::Writer<Serial_, void>)
 .text.startup._GLOBAL__sub_I_test_time_count
                0x00003f0c       0x80 C:\Users\micha\AppData\Local\Temp\VMBuilds\ftu_embedded\mkr1000\Debug\ftu_embedded.cpp.o
 .text._Z25receive_test_instructionsv
                0x00003f8c      0x334 C:\Users\micha\AppData\Local\Temp\VMBuilds\ftu_embedded\mkr1000\Debug\ftu_embedded.cpp.o
                0x00003f8c                receive_test_instructions()
 .text.setup    0x000042c0       0xcc C:\Users\micha\AppData\Local\Temp\VMBuilds\ftu_embedded\mkr1000\Debug\ftu_embedded.cpp.o
                0x000042c0                setup
 .text._Z19send_data_to_serialv
                0x0000438c       0x88 C:\Users\micha\AppData\Local\Temp\VMBuilds\ftu_embedded\mkr1000\Debug\ftu_embedded.cpp.o
                0x0000438c                send_data_to_serial()
 .text._Z14system_fsm_runi
                0x00004414      0x1b0 C:\Users\micha\AppData\Local\Temp\VMBuilds\ftu_embedded\mkr1000\Debug\ftu_embedded.cpp.o
                0x00004414                system_fsm_run(int)
 .text.loop     0x000045c4       0xc4 C:\Users\micha\AppData\Local\Temp\VMBuilds\ftu_embedded\mkr1000\Debug\ftu_embedded.cpp.o
                0x000045c4                loop
 .text._ZN16VisualMicroDebug16DBG_YieldAndWaitEmb
                0x00004688       0x1a C:\Users\micha\AppData\Local\Temp\VMBuilds\ftu_embedded\mkr1000\Debug\VM_DBG\VM_DBG.cpp.o
                0x00004688                VisualMicroDebug::DBG_YieldAndWait(unsigned long, bool)
 .text._ZN16VisualMicroDebug16DBG_YieldAndWaitEm
                0x000046a2        0xa C:\Users\micha\AppData\Local\Temp\VMBuilds\ftu_embedded\mkr1000\Debug\VM_DBG\VM_DBG.cpp.o
                0x000046a2                VisualMicroDebug::DBG_YieldAndWait(unsigned long)
 .text._ZN16VisualMicroDebug10DBG_MillisEv
                0x000046ac        0x8 C:\Users\micha\AppData\Local\Temp\VMBuilds\ftu_embedded\mkr1000\Debug\VM_DBG\VM_DBG.cpp.o
                0x000046ac                VisualMicroDebug::DBG_Millis()
 .text._ZN16VisualMicroDebug22OnBreakPointPrintBeginEh
                0x000046b4       0x70 C:\Users\micha\AppData\Local\Temp\VMBuilds\ftu_embedded\mkr1000\Debug\VM_DBG\VM_DBG.cpp.o
                0x000046b4                VisualMicroDebug::OnBreakPointPrintBegin(unsigned char)
 .text._ZN16VisualMicroDebug20OnBreakPointPrintEndEv
                0x00004724       0x14 C:\Users\micha\AppData\Local\Temp\VMBuilds\ftu_embedded\mkr1000\Debug\VM_DBG\VM_DBG.cpp.o
                0x00004724                VisualMicroDebug::OnBreakPointPrintEnd()
 .text._ZN16VisualMicroDebug14outPacketStartEb
                0x00004738       0x2a C:\Users\micha\AppData\Local\Temp\VMBuilds\ftu_embedded\mkr1000\Debug\VM_DBG\VM_DBG.cpp.o
                0x00004738                VisualMicroDebug::outPacketStart(bool)
 .text._ZN16VisualMicroDebug12outPacketEndEv
                0x00004762        0x2 C:\Users\micha\AppData\Local\Temp\VMBuilds\ftu_embedded\mkr1000\Debug\VM_DBG\VM_DBG.cpp.o
                0x00004762                VisualMicroDebug::outPacketEnd()
 .text._ZN16VisualMicroDebug5beginEm
                0x00004764       0x1c C:\Users\micha\AppData\Local\Temp\VMBuilds\ftu_embedded\mkr1000\Debug\VM_DBG\VM_DBG.cpp.o
                0x00004764                VisualMicroDebug::begin(unsigned long)
 .text._ZN16VisualMicroDebug4initEm
                0x00004780       0x12 C:\Users\micha\AppData\Local\Temp\VMBuilds\ftu_embedded\mkr1000\Debug\VM_DBG\VM_DBG.cpp.o
                0x00004780                VisualMicroDebug::init(unsigned long)
 *fill*         0x00004792        0x2 
 .text._ZN16VisualMicroDebug16sendContinuedACKEh
                0x00004794       0x40 C:\Users\micha\AppData\Local\Temp\VMBuilds\ftu_embedded\mkr1000\Debug\VM_DBG\VM_DBG.cpp.o
                0x00004794                VisualMicroDebug::sendContinuedACK(unsigned char)
 .text.startup._GLOBAL__sub_I__ZN16VisualMicroDebug16DBG_YieldAndWaitEm
                0x000047d4       0x14 C:\Users\micha\AppData\Local\Temp\VMBuilds\ftu_embedded\mkr1000\Debug\VM_DBG\VM_DBG.cpp.o
 .text._ZN16VisualMicroDebug24readVariableTextDataTypeEv
                0x000047e8       0x10 C:\Users\micha\AppData\Local\Temp\VMBuilds\ftu_embedded\mkr1000\Debug\VM_DBG\VM_DBG.cpp.o
                0x000047e8                VisualMicroDebug::readVariableTextDataType()
 .text._ZN16VisualMicroDebug24digitalWriteMessageCheckEv
                0x000047f8       0x7c C:\Users\micha\AppData\Local\Temp\VMBuilds\ftu_embedded\mkr1000\Debug\VM_DBG\VM_DBG.cpp.o
                0x000047f8                VisualMicroDebug::digitalWriteMessageCheck()
 .text._ZN16VisualMicroDebug17OnBreakPointBeginEm
                0x00004874       0x1c C:\Users\micha\AppData\Local\Temp\VMBuilds\ftu_embedded\mkr1000\Debug\VM_DBG\VM_DBG.cpp.o
                0x00004874                VisualMicroDebug::OnBreakPointBegin(unsigned long)
 .text._ZN16VisualMicroDebug15OnBreakPointEndEv
                0x00004890       0x10 C:\Users\micha\AppData\Local\Temp\VMBuilds\ftu_embedded\mkr1000\Debug\VM_DBG\VM_DBG.cpp.o
                0x00004890                VisualMicroDebug::OnBreakPointEnd()
 .text._ZN16VisualMicroDebug9breakWaitEh
                0x000048a0       0x68 C:\Users\micha\AppData\Local\Temp\VMBuilds\ftu_embedded\mkr1000\Debug\VM_DBG\VM_DBG.cpp.o
                0x000048a0                VisualMicroDebug::breakWait(unsigned char)
 .text._ZN16VisualMicroDebug5startEbb
                0x00004908       0x28 C:\Users\micha\AppData\Local\Temp\VMBuilds\ftu_embedded\mkr1000\Debug\VM_DBG\VM_DBG.cpp.o
                0x00004908                VisualMicroDebug::start(bool, bool)
 .text._ZN8SPIClass4initEv
                0x00004930       0x12 C:\Users\micha\AppData\Local\Temp\VMBuilds\ftu_embedded\mkr1000\Debug\SPI\SPI.cpp.o
                0x00004930                SPIClass::init()
 .text._ZN8SPIClass6configE11SPISettings
                0x00004942       0x4e C:\Users\micha\AppData\Local\Temp\VMBuilds\ftu_embedded\mkr1000\Debug\SPI\SPI.cpp.o
                0x00004942                SPIClass::config(SPISettings)
 .text._ZN8SPIClass5beginEv
                0x00004990       0x50 C:\Users\micha\AppData\Local\Temp\VMBuilds\ftu_embedded\mkr1000\Debug\SPI\SPI.cpp.o
                0x00004990                SPIClass::begin()
 .text._ZN8SPIClass16beginTransactionE11SPISettings
                0x000049e0       0x38 C:\Users\micha\AppData\Local\Temp\VMBuilds\ftu_embedded\mkr1000\Debug\SPI\SPI.cpp.o
                0x000049e0                SPIClass::beginTransaction(SPISettings)
 .text._ZN8SPIClass14endTransactionEv
                0x00004a18       0x28 C:\Users\micha\AppData\Local\Temp\VMBuilds\ftu_embedded\mkr1000\Debug\SPI\SPI.cpp.o
                0x00004a18                SPIClass::endTransaction()
 .text._ZN8SPIClass8transferEh
                0x00004a40        0xa C:\Users\micha\AppData\Local\Temp\VMBuilds\ftu_embedded\mkr1000\Debug\SPI\SPI.cpp.o
                0x00004a40                SPIClass::transfer(unsigned char)
 *fill*         0x00004a4a        0x2 
 .text.startup._GLOBAL__sub_I__ZN8SPIClassC2EP6SERCOMhhh14SercomSpiTXPad11SercomRXPad
                0x00004a4c       0x64 C:\Users\micha\AppData\Local\Temp\VMBuilds\ftu_embedded\mkr1000\Debug\SPI\SPI.cpp.o
 .text._ZN7RTCZeroC2Ev
                0x00004ab0        0x6 C:\Users\micha\AppData\Local\Temp\VMBuilds\ftu_embedded\mkr1000\Debug\RTCZero-master\RTCZero.cpp.o
                0x00004ab0                RTCZero::RTCZero()
                0x00004ab0                RTCZero::RTCZero()
 *fill*         0x00004ab6        0x2 
 .text.RTC_Handler
                0x00004ab8       0x1c C:\Users\micha\AppData\Local\Temp\VMBuilds\ftu_embedded\mkr1000\Debug\RTCZero-master\RTCZero.cpp.o
                0x00004ab8                RTC_Handler
 .text.SERCOM5_Handler
                0x00004ad4       0x10 C:\Users\micha\AppData\Local\Temp\VMBCore\visualmicro\24e235a52c2628dd7158c0fcc9b79045\variant\variant.cpp.o
                0x00004ad4                SERCOM5_Handler
 .text.startup._GLOBAL__sub_I_g_APinDescription
                0x00004ae4       0x80 C:\Users\micha\AppData\Local\Temp\VMBCore\visualmicro\24e235a52c2628dd7158c0fcc9b79045\variant\variant.cpp.o
 .text.Dummy_Handler
                0x00004b64        0x2 C:\Users\micha\AppData\Local\Temp\VMBuilds\FTU_EM~1\mkr1000\Debug/core.a(cortex_handlers.c.o)
                0x00004b64                DMAC_Handler
                0x00004b64                HardFault_Handler
                0x00004b64                AC_Handler
                0x00004b64                PendSV_Handler
                0x00004b64                NMI_Handler
                0x00004b64                TC7_Handler
                0x00004b64                SERCOM1_Handler
                0x00004b64                ADC_Handler
                0x00004b64                TCC1_Handler
                0x00004b64                SERCOM2_Handler
                0x00004b64                TCC0_Handler
                0x00004b64                EIC_Handler
                0x00004b64                TC6_Handler
                0x00004b64                WDT_Handler
                0x00004b64                Dummy_Handler
                0x00004b64                PM_Handler
                0x00004b64                SVC_Handler
                0x00004b64                TCC2_Handler
                0x00004b64                EVSYS_Handler
                0x00004b64                SERCOM3_Handler
                0x00004b64                SERCOM4_Handler
                0x00004b64                I2S_Handler
                0x00004b64                NVMCTRL_Handler
                0x00004b64                SERCOM0_Handler
                0x00004b64                DAC_Handler
                0x00004b64                PTC_Handler
                0x00004b64                SYSCTRL_Handler
 *fill*         0x00004b66        0x2 
 .text.USB_Handler
                0x00004b68       0x14 C:\Users\micha\AppData\Local\Temp\VMBuilds\FTU_EM~1\mkr1000\Debug/core.a(cortex_handlers.c.o)
                0x00004b68                USB_Handler
 .text.Reset_Handler
                0x00004b7c       0x54 C:\Users\micha\AppData\Local\Temp\VMBuilds\FTU_EM~1\mkr1000\Debug/core.a(cortex_handlers.c.o)
                0x00004b7c                Reset_Handler
 .text.SysTick_Handler
                0x00004bd0       0x10 C:\Users\micha\AppData\Local\Temp\VMBuilds\FTU_EM~1\mkr1000\Debug/core.a(cortex_handlers.c.o)
                0x00004bd0                SysTick_Handler
 .text.USB_SetHandler
                0x00004be0        0xc C:\Users\micha\AppData\Local\Temp\VMBuilds\FTU_EM~1\mkr1000\Debug/core.a(cortex_handlers.c.o)
                0x00004be0                USB_SetHandler
 .text.millis   0x00004bec        0xc C:\Users\micha\AppData\Local\Temp\VMBuilds\FTU_EM~1\mkr1000\Debug/core.a(delay.c.o)
                0x00004bec                millis
 .text.micros   0x00004bf8       0x60 C:\Users\micha\AppData\Local\Temp\VMBuilds\FTU_EM~1\mkr1000\Debug/core.a(delay.c.o)
                0x00004bf8                micros
 .text.delay    0x00004c58       0x30 C:\Users\micha\AppData\Local\Temp\VMBuilds\FTU_EM~1\mkr1000\Debug/core.a(delay.c.o)
                0x00004c58                delay
 .text.resetExternalChip
                0x00004c88        0x2 C:\Users\micha\AppData\Local\Temp\VMBuilds\FTU_EM~1\mkr1000\Debug/core.a(delay.c.o)
                0x00004c88                resetExternalChip
 *fill*         0x00004c8a        0x2 
 .text.SysTick_DefaultHandler
                0x00004c8c       0x14 C:\Users\micha\AppData\Local\Temp\VMBuilds\FTU_EM~1\mkr1000\Debug/core.a(delay.c.o)
                0x00004c8c                SysTick_DefaultHandler
 .text.__empty  0x00004ca0        0x2 C:\Users\micha\AppData\Local\Temp\VMBuilds\FTU_EM~1\mkr1000\Debug/core.a(hooks.c.o)
                0x00004ca0                yield
 .text.__false  0x00004ca2        0x4 C:\Users\micha\AppData\Local\Temp\VMBuilds\FTU_EM~1\mkr1000\Debug/core.a(hooks.c.o)
                0x00004ca2                sysTickHook
 *fill*         0x00004ca6        0x2 
 .text.SystemInit
                0x00004ca8      0x160 C:\Users\micha\AppData\Local\Temp\VMBuilds\FTU_EM~1\mkr1000\Debug/core.a(startup.c.o)
                0x00004ca8                SystemInit
 .text.init     0x00004e08       0xf0 C:\Users\micha\AppData\Local\Temp\VMBuilds\FTU_EM~1\mkr1000\Debug/core.a(wiring.c.o)
                0x00004e08                init
 .text.mapResolution
                0x00004ef8       0x12 C:\Users\micha\AppData\Local\Temp\VMBuilds\FTU_EM~1\mkr1000\Debug/core.a(wiring_analog.c.o)
 *fill*         0x00004f0a        0x2 
 .text.analogWriteResolution
                0x00004f0c        0xc C:\Users\micha\AppData\Local\Temp\VMBuilds\FTU_EM~1\mkr1000\Debug/core.a(wiring_analog.c.o)
                0x00004f0c                analogWriteResolution
 .text.analogReference
                0x00004f18       0x64 C:\Users\micha\AppData\Local\Temp\VMBuilds\FTU_EM~1\mkr1000\Debug/core.a(wiring_analog.c.o)
                0x00004f18                analogReference
 .text.analogWrite
                0x00004f7c      0x1d4 C:\Users\micha\AppData\Local\Temp\VMBuilds\FTU_EM~1\mkr1000\Debug/core.a(wiring_analog.c.o)
                0x00004f7c                analogWrite
 .text.pinMode  0x00005150       0x98 C:\Users\micha\AppData\Local\Temp\VMBuilds\FTU_EM~1\mkr1000\Debug/core.a(wiring_digital.c.o)
                0x00005150                pinMode
 .text.digitalWrite
                0x000051e8       0x58 C:\Users\micha\AppData\Local\Temp\VMBuilds\FTU_EM~1\mkr1000\Debug/core.a(wiring_digital.c.o)
                0x000051e8                digitalWrite
 .text.digitalRead
                0x00005240       0x30 C:\Users\micha\AppData\Local\Temp\VMBuilds\FTU_EM~1\mkr1000\Debug/core.a(wiring_digital.c.o)
                0x00005240                digitalRead
 .text.pinPeripheral
                0x00005270       0xc0 C:\Users\micha\AppData\Local\Temp\VMBuilds\FTU_EM~1\mkr1000\Debug/core.a(wiring_private.c.o)
                0x00005270                pinPeripheral
 .text._Z11initVariantv
                0x00005330        0x2 C:\Users\micha\AppData\Local\Temp\VMBuilds\FTU_EM~1\mkr1000\Debug/core.a(main.cpp.o)
                0x00005330                initVariant()
 *fill*         0x00005332        0x2 
 .text.startup.main
                0x00005334       0x40 C:\Users\micha\AppData\Local\Temp\VMBuilds\FTU_EM~1\mkr1000\Debug/core.a(main.cpp.o)
                0x00005334                main
 .text._ZN5Print5writeEPKhj
                0x00005374       0x28 C:\Users\micha\AppData\Local\Temp\VMBuilds\FTU_EM~1\mkr1000\Debug/core.a(Print.cpp.o)
                0x00005374                Print::write(unsigned char const*, unsigned int)
 .text._ZN5Print5writeEPKc.part.2
                0x0000539c       0x1a C:\Users\micha\AppData\Local\Temp\VMBuilds\FTU_EM~1\mkr1000\Debug/core.a(Print.cpp.o)
 .text._ZN5Print5writeEPKc
                0x000053b6       0x10 C:\Users\micha\AppData\Local\Temp\VMBuilds\FTU_EM~1\mkr1000\Debug/core.a(Print.cpp.o)
                0x000053b6                Print::write(char const*)
 .text._ZN5Print5printERK6String
                0x000053c6        0xe C:\Users\micha\AppData\Local\Temp\VMBuilds\FTU_EM~1\mkr1000\Debug/core.a(Print.cpp.o)
                0x000053c6                Print::print(String const&)
 .text._ZN5Print5printEPKc
                0x000053d4        0x8 C:\Users\micha\AppData\Local\Temp\VMBuilds\FTU_EM~1\mkr1000\Debug/core.a(Print.cpp.o)
                0x000053d4                Print::print(char const*)
 .text._ZN5Print7printlnEv
                0x000053dc       0x10 C:\Users\micha\AppData\Local\Temp\VMBuilds\FTU_EM~1\mkr1000\Debug/core.a(Print.cpp.o)
                0x000053dc                Print::println()
 .text._ZN5Print7printlnERK6String
                0x000053ec       0x14 C:\Users\micha\AppData\Local\Temp\VMBuilds\FTU_EM~1\mkr1000\Debug/core.a(Print.cpp.o)
                0x000053ec                Print::println(String const&)
 .text._ZN5Print7printlnEPKc
                0x00005400       0x14 C:\Users\micha\AppData\Local\Temp\VMBuilds\FTU_EM~1\mkr1000\Debug/core.a(Print.cpp.o)
                0x00005400                Print::println(char const*)
 .text._ZN5Print11printNumberEmh
                0x00005414       0x48 C:\Users\micha\AppData\Local\Temp\VMBuilds\FTU_EM~1\mkr1000\Debug/core.a(Print.cpp.o)
                0x00005414                Print::printNumber(unsigned long, unsigned char)
 .text._ZN5Print5printEmi
                0x0000545c       0x18 C:\Users\micha\AppData\Local\Temp\VMBuilds\FTU_EM~1\mkr1000\Debug/core.a(Print.cpp.o)
                0x0000545c                Print::print(unsigned long, int)
 .text._ZN5Print5printEhi
                0x00005474        0x8 C:\Users\micha\AppData\Local\Temp\VMBuilds\FTU_EM~1\mkr1000\Debug/core.a(Print.cpp.o)
                0x00005474                Print::print(unsigned char, int)
 .text.initiateReset
                0x0000547c       0x14 C:\Users\micha\AppData\Local\Temp\VMBuilds\FTU_EM~1\mkr1000\Debug/core.a(Reset.cpp.o)
                0x0000547c                initiateReset
 .text.cancelReset
                0x00005490       0x10 C:\Users\micha\AppData\Local\Temp\VMBuilds\FTU_EM~1\mkr1000\Debug/core.a(Reset.cpp.o)
                0x00005490                cancelReset
 .text.tickReset
                0x000054a0       0x78 C:\Users\micha\AppData\Local\Temp\VMBuilds\FTU_EM~1\mkr1000\Debug/core.a(Reset.cpp.o)
                0x000054a0                tickReset
 .text._ZN6SERCOMC2EP6Sercom
                0x00005518        0x4 C:\Users\micha\AppData\Local\Temp\VMBuilds\FTU_EM~1\mkr1000\Debug/core.a(SERCOM.cpp.o)
                0x00005518                SERCOM::SERCOM(Sercom*)
                0x00005518                SERCOM::SERCOM(Sercom*)
 .text._ZN6SERCOM9initFrameE18SercomUartCharSize15SercomDataOrder16SercomParityMode19SercomNumberStopBit
                0x0000551c       0x3a C:\Users\micha\AppData\Local\Temp\VMBuilds\FTU_EM~1\mkr1000\Debug/core.a(SERCOM.cpp.o)
                0x0000551c                SERCOM::initFrame(SercomUartCharSize, SercomDataOrder, SercomParityMode, SercomNumberStopBit)
 .text._ZN6SERCOM8initPadsE15SercomUartTXPad11SercomRXPad
                0x00005556       0x26 C:\Users\micha\AppData\Local\Temp\VMBuilds\FTU_EM~1\mkr1000\Debug/core.a(SERCOM.cpp.o)
                0x00005556                SERCOM::initPads(SercomUartTXPad, SercomRXPad)
 .text._ZN6SERCOM9resetUARTEv
                0x0000557c       0x1a C:\Users\micha\AppData\Local\Temp\VMBuilds\FTU_EM~1\mkr1000\Debug/core.a(SERCOM.cpp.o)
                0x0000557c                SERCOM::resetUART()
 .text._ZN6SERCOM10enableUARTEv
                0x00005596       0x14 C:\Users\micha\AppData\Local\Temp\VMBuilds\FTU_EM~1\mkr1000\Debug/core.a(SERCOM.cpp.o)
                0x00005596                SERCOM::enableUART()
 .text._ZN6SERCOM9flushUARTEv
                0x000055aa       0x10 C:\Users\micha\AppData\Local\Temp\VMBuilds\FTU_EM~1\mkr1000\Debug/core.a(SERCOM.cpp.o)
                0x000055aa                SERCOM::flushUART()
 .text._ZN6SERCOM15clearStatusUARTEv
                0x000055ba        0x8 C:\Users\micha\AppData\Local\Temp\VMBuilds\FTU_EM~1\mkr1000\Debug/core.a(SERCOM.cpp.o)
                0x000055ba                SERCOM::clearStatusUART()
 .text._ZN6SERCOM17availableDataUARTEv
                0x000055c2        0xa C:\Users\micha\AppData\Local\Temp\VMBuilds\FTU_EM~1\mkr1000\Debug/core.a(SERCOM.cpp.o)
                0x000055c2                SERCOM::availableDataUART()
 .text._ZN6SERCOM11isUARTErrorEv
                0x000055cc        0x8 C:\Users\micha\AppData\Local\Temp\VMBuilds\FTU_EM~1\mkr1000\Debug/core.a(SERCOM.cpp.o)
                0x000055cc                SERCOM::isUARTError()
 .text._ZN6SERCOM20acknowledgeUARTErrorEv
                0x000055d4        0xe C:\Users\micha\AppData\Local\Temp\VMBuilds\FTU_EM~1\mkr1000\Debug/core.a(SERCOM.cpp.o)
                0x000055d4                SERCOM::acknowledgeUARTError()
 .text._ZN6SERCOM16isFrameErrorUARTEv
                0x000055e2        0xa C:\Users\micha\AppData\Local\Temp\VMBuilds\FTU_EM~1\mkr1000\Debug/core.a(SERCOM.cpp.o)
                0x000055e2                SERCOM::isFrameErrorUART()
 .text._ZN6SERCOM19clearFrameErrorUARTEv
                0x000055ec        0xc C:\Users\micha\AppData\Local\Temp\VMBuilds\FTU_EM~1\mkr1000\Debug/core.a(SERCOM.cpp.o)
                0x000055ec                SERCOM::clearFrameErrorUART()
 .text._ZN6SERCOM23isDataRegisterEmptyUARTEv
                0x000055f8        0xa C:\Users\micha\AppData\Local\Temp\VMBuilds\FTU_EM~1\mkr1000\Debug/core.a(SERCOM.cpp.o)
                0x000055f8                SERCOM::isDataRegisterEmptyUART()
 .text._ZN6SERCOM12readDataUARTEv
                0x00005602        0x8 C:\Users\micha\AppData\Local\Temp\VMBuilds\FTU_EM~1\mkr1000\Debug/core.a(SERCOM.cpp.o)
                0x00005602                SERCOM::readDataUART()
 .text._ZN6SERCOM13writeDataUARTEh
                0x0000560a       0x10 C:\Users\micha\AppData\Local\Temp\VMBuilds\FTU_EM~1\mkr1000\Debug/core.a(SERCOM.cpp.o)
                0x0000560a                SERCOM::writeDataUART(unsigned char)
 .text._ZN6SERCOM36enableDataRegisterEmptyInterruptUARTEv
                0x0000561a        0x8 C:\Users\micha\AppData\Local\Temp\VMBuilds\FTU_EM~1\mkr1000\Debug/core.a(SERCOM.cpp.o)
                0x0000561a                SERCOM::enableDataRegisterEmptyInterruptUART()
 .text._ZN6SERCOM37disableDataRegisterEmptyInterruptUARTEv
                0x00005622        0x8 C:\Users\micha\AppData\Local\Temp\VMBuilds\FTU_EM~1\mkr1000\Debug/core.a(SERCOM.cpp.o)
                0x00005622                SERCOM::disableDataRegisterEmptyInterruptUART()
 *fill*         0x0000562a        0x2 
 .text._ZN6SERCOM12initSPIClockE18SercomSpiClockModem
                0x0000562c       0x30 C:\Users\micha\AppData\Local\Temp\VMBuilds\FTU_EM~1\mkr1000\Debug/core.a(SERCOM.cpp.o)
                0x0000562c                SERCOM::initSPIClock(SercomSpiClockMode, unsigned long)
 .text._ZN6SERCOM8resetSPIEv
                0x0000565c       0x1a C:\Users\micha\AppData\Local\Temp\VMBuilds\FTU_EM~1\mkr1000\Debug/core.a(SERCOM.cpp.o)
                0x0000565c                SERCOM::resetSPI()
 .text._ZN6SERCOM9enableSPIEv
                0x00005676       0x14 C:\Users\micha\AppData\Local\Temp\VMBuilds\FTU_EM~1\mkr1000\Debug/core.a(SERCOM.cpp.o)
                0x00005676                SERCOM::enableSPI()
 .text._ZN6SERCOM10disableSPIEv
                0x0000568a       0x12 C:\Users\micha\AppData\Local\Temp\VMBuilds\FTU_EM~1\mkr1000\Debug/core.a(SERCOM.cpp.o)
                0x0000568a                SERCOM::disableSPI()
 .text._ZN6SERCOM15transferDataSPIEh
                0x0000569c       0x1a C:\Users\micha\AppData\Local\Temp\VMBuilds\FTU_EM~1\mkr1000\Debug/core.a(SERCOM.cpp.o)
                0x0000569c                SERCOM::transferDataSPI(unsigned char)
 *fill*         0x000056b6        0x2 
 .text._ZN6SERCOM13initClockNVICEv
                0x000056b8       0xa8 C:\Users\micha\AppData\Local\Temp\VMBuilds\FTU_EM~1\mkr1000\Debug/core.a(SERCOM.cpp.o)
                0x000056b8                SERCOM::initClockNVIC()
 .text._ZN6SERCOM8initUARTE14SercomUartMode20SercomUartSampleRatem
                0x00005760       0x6c C:\Users\micha\AppData\Local\Temp\VMBuilds\FTU_EM~1\mkr1000\Debug/core.a(SERCOM.cpp.o)
                0x00005760                SERCOM::initUART(SercomUartMode, SercomUartSampleRate, unsigned long)
 .text._ZN6SERCOM7initSPIE14SercomSpiTXPad11SercomRXPad17SercomSpiCharSize15SercomDataOrder
                0x000057cc       0x4a C:\Users\micha\AppData\Local\Temp\VMBuilds\FTU_EM~1\mkr1000\Debug/core.a(SERCOM.cpp.o)
                0x000057cc                SERCOM::initSPI(SercomSpiTXPad, SercomRXPad, SercomSpiCharSize, SercomDataOrder)
 .text._ZN6Stream9timedReadEv
                0x00005816       0x2a C:\Users\micha\AppData\Local\Temp\VMBuilds\FTU_EM~1\mkr1000\Debug/core.a(Stream.cpp.o)
                0x00005816                Stream::timedRead()
 .text._ZN6Stream15readStringUntilEc
                0x00005840       0x30 C:\Users\micha\AppData\Local\Temp\VMBuilds\FTU_EM~1\mkr1000\Debug/core.a(Stream.cpp.o)
                0x00005840                Stream::readStringUntil(char)
 .text._ZN4UartcvbEv
                0x00005870        0x4 C:\Users\micha\AppData\Local\Temp\VMBuilds\FTU_EM~1\mkr1000\Debug/core.a(Uart.cpp.o)
                0x00005870                Uart::operator bool()
 .text._ZN4Uart5beginEm
                0x00005874       0x10 C:\Users\micha\AppData\Local\Temp\VMBuilds\FTU_EM~1\mkr1000\Debug/core.a(Uart.cpp.o)
                0x00005874                Uart::begin(unsigned long)
 .text._ZN4Uart4peekEv
                0x00005884       0x1a C:\Users\micha\AppData\Local\Temp\VMBuilds\FTU_EM~1\mkr1000\Debug/core.a(Uart.cpp.o)
                0x00005884                Uart::peek()
 .text._ZN4Uart3endEv
                0x0000589e       0x20 C:\Users\micha\AppData\Local\Temp\VMBuilds\FTU_EM~1\mkr1000\Debug/core.a(Uart.cpp.o)
                0x0000589e                Uart::end()
 .text._ZN4Uart16extractNbStopBitEt
                0x000058be        0xc C:\Users\micha\AppData\Local\Temp\VMBuilds\FTU_EM~1\mkr1000\Debug/core.a(Uart.cpp.o)
                0x000058be                Uart::extractNbStopBit(unsigned short)
 .text._ZN4Uart15extractCharSizeEt
                0x000058ca       0x28 C:\Users\micha\AppData\Local\Temp\VMBuilds\FTU_EM~1\mkr1000\Debug/core.a(Uart.cpp.o)
                0x000058ca                Uart::extractCharSize(unsigned short)
 .text._ZN4Uart13extractParityEt
                0x000058f2       0x14 C:\Users\micha\AppData\Local\Temp\VMBuilds\FTU_EM~1\mkr1000\Debug/core.a(Uart.cpp.o)
                0x000058f2                Uart::extractParity(unsigned short)
 *fill*         0x00005906        0x2 
 .text._ZN4Uart5beginEmt
                0x00005908       0xf8 C:\Users\micha\AppData\Local\Temp\VMBuilds\FTU_EM~1\mkr1000\Debug/core.a(Uart.cpp.o)
                0x00005908                Uart::begin(unsigned long, unsigned short)
 .text._ZN11RingBufferNILi256EEC2Ev
                0x00005a00       0x1c C:\Users\micha\AppData\Local\Temp\VMBuilds\FTU_EM~1\mkr1000\Debug/core.a(Uart.cpp.o)
                0x00005a00                RingBufferN<256>::RingBufferN()
                0x00005a00                RingBufferN<256>::RingBufferN()
 .text._ZN4UartC2EP6SERCOMhh11SercomRXPad15SercomUartTXPad
                0x00005a1c       0x74 C:\Users\micha\AppData\Local\Temp\VMBuilds\FTU_EM~1\mkr1000\Debug/core.a(Uart.cpp.o)
                0x00005a1c                Uart::Uart(SERCOM*, unsigned char, unsigned char, SercomRXPad, SercomUartTXPad)
                0x00005a1c                Uart::Uart(SERCOM*, unsigned char, unsigned char, SercomRXPad, SercomUartTXPad)
 .text._ZN11RingBufferNILi256EE9availableEv
                0x00005a90       0x12 C:\Users\micha\AppData\Local\Temp\VMBuilds\FTU_EM~1\mkr1000\Debug/core.a(Uart.cpp.o)
                0x00005a90                RingBufferN<256>::available()
 .text._ZN4Uart5flushEv
                0x00005aa2       0x1a C:\Users\micha\AppData\Local\Temp\VMBuilds\FTU_EM~1\mkr1000\Debug/core.a(Uart.cpp.o)
                0x00005aa2                Uart::flush()
 .text._ZN4Uart9availableEv
                0x00005abc        0xa C:\Users\micha\AppData\Local\Temp\VMBuilds\FTU_EM~1\mkr1000\Debug/core.a(Uart.cpp.o)
                0x00005abc                Uart::available()
 .text._ZN11RingBufferNILi256EE17availableForStoreEv
                0x00005ac6       0x20 C:\Users\micha\AppData\Local\Temp\VMBuilds\FTU_EM~1\mkr1000\Debug/core.a(Uart.cpp.o)
                0x00005ac6                RingBufferN<256>::availableForStore()
 .text._ZN4Uart17availableForWriteEv
                0x00005ae6        0xc C:\Users\micha\AppData\Local\Temp\VMBuilds\FTU_EM~1\mkr1000\Debug/core.a(Uart.cpp.o)
                0x00005ae6                Uart::availableForWrite()
 .text._ZN4Uart10IrqHandlerEv
                0x00005af2       0xcc C:\Users\micha\AppData\Local\Temp\VMBuilds\FTU_EM~1\mkr1000\Debug/core.a(Uart.cpp.o)
                0x00005af2                Uart::IrqHandler()
 *fill*         0x00005bbe        0x2 
 .text._ZN4Uart5writeEh
                0x00005bc0       0xb4 C:\Users\micha\AppData\Local\Temp\VMBuilds\FTU_EM~1\mkr1000\Debug/core.a(Uart.cpp.o)
                0x00005bc0                Uart::write(unsigned char)
 .text._ZN4Uart4readEv
                0x00005c74       0x4c C:\Users\micha\AppData\Local\Temp\VMBuilds\FTU_EM~1\mkr1000\Debug/core.a(Uart.cpp.o)
                0x00005c74                Uart::read()
 .text._ZN6StringD2Ev
                0x00005cc0       0x12 C:\Users\micha\AppData\Local\Temp\VMBuilds\FTU_EM~1\mkr1000\Debug/core.a(WString.cpp.o)
                0x00005cc0                String::~String()
                0x00005cc0                String::~String()
 .text._ZN6String10invalidateEv
                0x00005cd2       0x18 C:\Users\micha\AppData\Local\Temp\VMBuilds\FTU_EM~1\mkr1000\Debug/core.a(WString.cpp.o)
                0x00005cd2                String::invalidate()
 .text._ZN6String12changeBufferEj
                0x00005cea       0x18 C:\Users\micha\AppData\Local\Temp\VMBuilds\FTU_EM~1\mkr1000\Debug/core.a(WString.cpp.o)
                0x00005cea                String::changeBuffer(unsigned int)
 .text._ZN6String7reserveEj
                0x00005d02       0x2a C:\Users\micha\AppData\Local\Temp\VMBuilds\FTU_EM~1\mkr1000\Debug/core.a(WString.cpp.o)
                0x00005d02                String::reserve(unsigned int)
 .text._ZN6String4copyEPKcj
                0x00005d2c       0x28 C:\Users\micha\AppData\Local\Temp\VMBuilds\FTU_EM~1\mkr1000\Debug/core.a(WString.cpp.o)
                0x00005d2c                String::copy(char const*, unsigned int)
 .text._ZN6StringC2EPKc
                0x00005d54       0x26 C:\Users\micha\AppData\Local\Temp\VMBuilds\FTU_EM~1\mkr1000\Debug/core.a(WString.cpp.o)
                0x00005d54                String::String(char const*)
                0x00005d54                String::String(char const*)
 .text._ZN6StringaSEPKc.part.3
                0x00005d7a       0x18 C:\Users\micha\AppData\Local\Temp\VMBuilds\FTU_EM~1\mkr1000\Debug/core.a(WString.cpp.o)
 .text._ZN6StringC2Eih
                0x00005d92       0x24 C:\Users\micha\AppData\Local\Temp\VMBuilds\FTU_EM~1\mkr1000\Debug/core.a(WString.cpp.o)
                0x00005d92                String::String(int, unsigned char)
                0x00005d92                String::String(int, unsigned char)
 .text._ZN6String4moveERS_
                0x00005db6       0x40 C:\Users\micha\AppData\Local\Temp\VMBuilds\FTU_EM~1\mkr1000\Debug/core.a(WString.cpp.o)
                0x00005db6                String::move(String&)
 .text._ZN6StringaSERKS_
                0x00005df6       0x20 C:\Users\micha\AppData\Local\Temp\VMBuilds\FTU_EM~1\mkr1000\Debug/core.a(WString.cpp.o)
                0x00005df6                String::operator=(String const&)
 .text._ZN6StringC2ERKS_
                0x00005e16       0x14 C:\Users\micha\AppData\Local\Temp\VMBuilds\FTU_EM~1\mkr1000\Debug/core.a(WString.cpp.o)
                0x00005e16                String::String(String const&)
                0x00005e16                String::String(String const&)
 .text._ZN6StringaSEOS_
                0x00005e2a       0x10 C:\Users\micha\AppData\Local\Temp\VMBuilds\FTU_EM~1\mkr1000\Debug/core.a(WString.cpp.o)
                0x00005e2a                String::operator=(String&&)
 .text._ZN6String6concatEPKcj
                0x00005e3a       0x32 C:\Users\micha\AppData\Local\Temp\VMBuilds\FTU_EM~1\mkr1000\Debug/core.a(WString.cpp.o)
                0x00005e3a                String::concat(char const*, unsigned int)
 .text._ZN6String6concatERKS_
                0x00005e6c        0xc C:\Users\micha\AppData\Local\Temp\VMBuilds\FTU_EM~1\mkr1000\Debug/core.a(WString.cpp.o)
                0x00005e6c                String::concat(String const&)
 .text._ZN6String6concatEc
                0x00005e78       0x14 C:\Users\micha\AppData\Local\Temp\VMBuilds\FTU_EM~1\mkr1000\Debug/core.a(WString.cpp.o)
                0x00005e78                String::concat(char)
 .text._ZN6String6concatEh
                0x00005e8c       0x20 C:\Users\micha\AppData\Local\Temp\VMBuilds\FTU_EM~1\mkr1000\Debug/core.a(WString.cpp.o)
                0x00005e8c                String::concat(unsigned char)
 .text._ZplRK15StringSumHelperPKc
                0x00005eac       0x28 C:\Users\micha\AppData\Local\Temp\VMBuilds\FTU_EM~1\mkr1000\Debug/core.a(WString.cpp.o)
                0x00005eac                operator+(StringSumHelper const&, char const*)
 .text._ZNK6String9compareToERKS_
                0x00005ed4       0x3a C:\Users\micha\AppData\Local\Temp\VMBuilds\FTU_EM~1\mkr1000\Debug/core.a(WString.cpp.o)
                0x00005ed4                String::compareTo(String const&) const
 .text._ZNK6String6equalsERKS_
                0x00005f0e       0x1c C:\Users\micha\AppData\Local\Temp\VMBuilds\FTU_EM~1\mkr1000\Debug/core.a(WString.cpp.o)
                0x00005f0e                String::equals(String const&) const
 .text._ZNK6String8getBytesEPhjj
                0x00005f2a       0x34 C:\Users\micha\AppData\Local\Temp\VMBuilds\FTU_EM~1\mkr1000\Debug/core.a(WString.cpp.o)
                0x00005f2a                String::getBytes(unsigned char*, unsigned int, unsigned int) const
 .text._ZNK6String11lastIndexOfERKS_j
                0x00005f5e       0x4c C:\Users\micha\AppData\Local\Temp\VMBuilds\FTU_EM~1\mkr1000\Debug/core.a(WString.cpp.o)
                0x00005f5e                String::lastIndexOf(String const&, unsigned int) const
 .text._ZNK6String11lastIndexOfERKS_
                0x00005faa        0xe C:\Users\micha\AppData\Local\Temp\VMBuilds\FTU_EM~1\mkr1000\Debug/core.a(WString.cpp.o)
                0x00005faa                String::lastIndexOf(String const&) const
 .text._ZN6String6removeEjj
                0x00005fb8       0x34 C:\Users\micha\AppData\Local\Temp\VMBuilds\FTU_EM~1\mkr1000\Debug/core.a(WString.cpp.o)
                0x00005fb8                String::remove(unsigned int, unsigned int)
 .text._ZN6String6removeEj
                0x00005fec        0xc C:\Users\micha\AppData\Local\Temp\VMBuilds\FTU_EM~1\mkr1000\Debug/core.a(WString.cpp.o)
                0x00005fec                String::remove(unsigned int)
 .text._ZN7Serial_13getDescriptorER8USBSetup
                0x00005ff8        0x4 C:\Users\micha\AppData\Local\Temp\VMBuilds\FTU_EM~1\mkr1000\Debug/core.a(CDC.cpp.o)
                0x00005ff8                Serial_::getDescriptor(USBSetup&)
 .text._ZL5utox8mPc
                0x00005ffc       0x24 C:\Users\micha\AppData\Local\Temp\VMBuilds\FTU_EM~1\mkr1000\Debug/core.a(CDC.cpp.o)
 .text._ZN7Serial_12getShortNameEPc
                0x00006020       0x44 C:\Users\micha\AppData\Local\Temp\VMBuilds\FTU_EM~1\mkr1000\Debug/core.a(CDC.cpp.o)
                0x00006020                Serial_::getShortName(char*)
 .text._ZThn16_N7Serial_12getShortNameEPc
                0x00006064       0x10 C:\Users\micha\AppData\Local\Temp\VMBuilds\FTU_EM~1\mkr1000\Debug/core.a(CDC.cpp.o)
                0x00006064                non-virtual thunk to Serial_::getShortName(char*)
 .text._ZN7Serial_14handleEndpointEi
                0x00006074        0x2 C:\Users\micha\AppData\Local\Temp\VMBuilds\FTU_EM~1\mkr1000\Debug/core.a(CDC.cpp.o)
                0x00006074                Serial_::handleEndpoint(int)
 .text._ZN7Serial_17availableForWriteEv
                0x00006076        0x4 C:\Users\micha\AppData\Local\Temp\VMBuilds\FTU_EM~1\mkr1000\Debug/core.a(CDC.cpp.o)
                0x00006076                Serial_::availableForWrite()
 .text._ZN7Serial_5writeEh
                0x0000607a       0x14 C:\Users\micha\AppData\Local\Temp\VMBuilds\FTU_EM~1\mkr1000\Debug/core.a(CDC.cpp.o)
                0x0000607a                Serial_::write(unsigned char)
 *fill*         0x0000608e        0x2 
 .text._ZN7Serial_12getInterfaceEPh
                0x00006090      0x11c C:\Users\micha\AppData\Local\Temp\VMBuilds\FTU_EM~1\mkr1000\Debug/core.a(CDC.cpp.o)
                0x00006090                Serial_::getInterface(unsigned char*)
 .text._ZThn16_N7Serial_12getInterfaceEPh
                0x000061ac       0x10 C:\Users\micha\AppData\Local\Temp\VMBuilds\FTU_EM~1\mkr1000\Debug/core.a(CDC.cpp.o)
                0x000061ac                non-virtual thunk to Serial_::getInterface(unsigned char*)
 .text._ZN7Serial_5setupER8USBSetup
                0x000061bc       0xa8 C:\Users\micha\AppData\Local\Temp\VMBuilds\FTU_EM~1\mkr1000\Debug/core.a(CDC.cpp.o)
                0x000061bc                Serial_::setup(USBSetup&)
 .text._ZThn16_N7Serial_5setupER8USBSetup
                0x00006264       0x10 C:\Users\micha\AppData\Local\Temp\VMBuilds\FTU_EM~1\mkr1000\Debug/core.a(CDC.cpp.o)
                0x00006264                non-virtual thunk to Serial_::setup(USBSetup&)
 .text._ZN7Serial_9availableEv
                0x00006274       0x20 C:\Users\micha\AppData\Local\Temp\VMBuilds\FTU_EM~1\mkr1000\Debug/core.a(CDC.cpp.o)
                0x00006274                Serial_::available()
 .text._ZN7Serial_5flushEv
                0x00006294        0xe C:\Users\micha\AppData\Local\Temp\VMBuilds\FTU_EM~1\mkr1000\Debug/core.a(CDC.cpp.o)
                0x00006294                Serial_::flush()
 .text._ZN7Serial_5clearEv
                0x000062a2        0xe C:\Users\micha\AppData\Local\Temp\VMBuilds\FTU_EM~1\mkr1000\Debug/core.a(CDC.cpp.o)
                0x000062a2                Serial_::clear()
 .text._ZN7Serial_5writeEPKhj
                0x000062b0       0x1e C:\Users\micha\AppData\Local\Temp\VMBuilds\FTU_EM~1\mkr1000\Debug/core.a(CDC.cpp.o)
                0x000062b0                Serial_::write(unsigned char const*, unsigned int)
 *fill*         0x000062ce        0x2 
 .text._ZN7Serial_4peekEv
                0x000062d0       0x1c C:\Users\micha\AppData\Local\Temp\VMBuilds\FTU_EM~1\mkr1000\Debug/core.a(CDC.cpp.o)
                0x000062d0                Serial_::peek()
 .text._ZN7Serial_4readEv
                0x000062ec       0x24 C:\Users\micha\AppData\Local\Temp\VMBuilds\FTU_EM~1\mkr1000\Debug/core.a(CDC.cpp.o)
                0x000062ec                Serial_::read()
 .text._ZThn16_N7Serial_14handleEndpointEi
                0x00006310        0x2 C:\Users\micha\AppData\Local\Temp\VMBuilds\FTU_EM~1\mkr1000\Debug/core.a(CDC.cpp.o)
                0x00006310                non-virtual thunk to Serial_::handleEndpoint(int)
 .text._ZThn16_N7Serial_13getDescriptorER8USBSetup
                0x00006312        0x4 C:\Users\micha\AppData\Local\Temp\VMBuilds\FTU_EM~1\mkr1000\Debug/core.a(CDC.cpp.o)
                0x00006312                non-virtual thunk to Serial_::getDescriptor(USBSetup&)
 *fill*         0x00006316        0x2 
 .text._ZN7Serial_C2ER14USBDeviceClass
                0x00006318       0x50 C:\Users\micha\AppData\Local\Temp\VMBuilds\FTU_EM~1\mkr1000\Debug/core.a(CDC.cpp.o)
                0x00006318                Serial_::Serial_(USBDeviceClass&)
                0x00006318                Serial_::Serial_(USBDeviceClass&)
 .text._ZN7Serial_15enableInterruptEv
                0x00006368       0x30 C:\Users\micha\AppData\Local\Temp\VMBuilds\FTU_EM~1\mkr1000\Debug/core.a(CDC.cpp.o)
                0x00006368                Serial_::enableInterrupt()
 .text._ZN7Serial_5beginEm
                0x00006398        0x2 C:\Users\micha\AppData\Local\Temp\VMBuilds\FTU_EM~1\mkr1000\Debug/core.a(CDC.cpp.o)
                0x00006398                Serial_::begin(unsigned long)
 *fill*         0x0000639a        0x2 
 .text._ZN7Serial_3endEv
                0x0000639c       0x14 C:\Users\micha\AppData\Local\Temp\VMBuilds\FTU_EM~1\mkr1000\Debug/core.a(CDC.cpp.o)
                0x0000639c                Serial_::end()
 .text._ZN7Serial_cvbEv
                0x000063b0       0x28 C:\Users\micha\AppData\Local\Temp\VMBuilds\FTU_EM~1\mkr1000\Debug/core.a(CDC.cpp.o)
                0x000063b0                Serial_::operator bool()
 .text.startup._GLOBAL__sub_I__ZN7Serial_12getInterfaceEPh
                0x000063d8       0x14 C:\Users\micha\AppData\Local\Temp\VMBuilds\FTU_EM~1\mkr1000\Debug/core.a(CDC.cpp.o)
 .text._ZN13PluggableUSB_12getInterfaceEPh
                0x000063ec       0x28 C:\Users\micha\AppData\Local\Temp\VMBuilds\FTU_EM~1\mkr1000\Debug/core.a(PluggableUSB.cpp.o)
                0x000063ec                PluggableUSB_::getInterface(unsigned char*)
 .text._ZN13PluggableUSB_13getDescriptorER8USBSetup
                0x00006414       0x20 C:\Users\micha\AppData\Local\Temp\VMBuilds\FTU_EM~1\mkr1000\Debug/core.a(PluggableUSB.cpp.o)
                0x00006414                PluggableUSB_::getDescriptor(USBSetup&)
 .text._ZN13PluggableUSB_12getShortNameEPc
                0x00006434       0x26 C:\Users\micha\AppData\Local\Temp\VMBuilds\FTU_EM~1\mkr1000\Debug/core.a(PluggableUSB.cpp.o)
                0x00006434                PluggableUSB_::getShortName(char*)
 .text._ZN13PluggableUSB_5setupER8USBSetup
                0x0000645a       0x20 C:\Users\micha\AppData\Local\Temp\VMBuilds\FTU_EM~1\mkr1000\Debug/core.a(PluggableUSB.cpp.o)
                0x0000645a                PluggableUSB_::setup(USBSetup&)
 .text._ZN13PluggableUSB_14handleEndpointEi
                0x0000647a       0x1a C:\Users\micha\AppData\Local\Temp\VMBuilds\FTU_EM~1\mkr1000\Debug/core.a(PluggableUSB.cpp.o)
                0x0000647a                PluggableUSB_::handleEndpoint(int)
 .text._ZN13PluggableUSB_4plugEP18PluggableUSBModule
                0x00006494       0x58 C:\Users\micha\AppData\Local\Temp\VMBuilds\FTU_EM~1\mkr1000\Debug/core.a(PluggableUSB.cpp.o)
                0x00006494                PluggableUSB_::plug(PluggableUSBModule*)
 .text._Z12PluggableUSBv
                0x000064ec       0x24 C:\Users\micha\AppData\Local\Temp\VMBuilds\FTU_EM~1\mkr1000\Debug/core.a(PluggableUSB.cpp.o)
                0x000064ec                PluggableUSB()
 .text._ZN26DoubleBufferedEPOutHandlerD2Ev
                0x00006510        0x2 C:\Users\micha\AppData\Local\Temp\VMBuilds\FTU_EM~1\mkr1000\Debug/core.a(USBCore.cpp.o)
                0x00006510                DoubleBufferedEPOutHandler::~DoubleBufferedEPOutHandler()
                0x00006510                DoubleBufferedEPOutHandler::~DoubleBufferedEPOutHandler()
 .text._ZN26DoubleBufferedEPOutHandlerD0Ev
                0x00006512        0xc C:\Users\micha\AppData\Local\Temp\VMBuilds\FTU_EM~1\mkr1000\Debug/core.a(USBCore.cpp.o)
                0x00006512                DoubleBufferedEPOutHandler::~DoubleBufferedEPOutHandler()
 *fill*         0x0000651e        0x2 
 .text._ZN14USBDeviceClass6initEPEmm.part.7
                0x00006520       0xc4 C:\Users\micha\AppData\Local\Temp\VMBuilds\FTU_EM~1\mkr1000\Debug/core.a(USBCore.cpp.o)
 .text._ZN7__GuardC2Ev
                0x000065e4        0xe C:\Users\micha\AppData\Local\Temp\VMBuilds\FTU_EM~1\mkr1000\Debug/core.a(USBCore.cpp.o)
                0x000065e4                __Guard::__Guard()
                0x000065e4                __Guard::__Guard()
 .text._ZN7__GuardD2Ev
                0x000065f2        0xe C:\Users\micha\AppData\Local\Temp\VMBuilds\FTU_EM~1\mkr1000\Debug/core.a(USBCore.cpp.o)
                0x000065f2                __Guard::~__Guard()
                0x000065f2                __Guard::~__Guard()
 .text._ZNK26DoubleBufferedEPOutHandler10_availableEv
                0x00006600       0x70 C:\Users\micha\AppData\Local\Temp\VMBuilds\FTU_EM~1\mkr1000\Debug/core.a(USBCore.cpp.o)
                0x00006600                DoubleBufferedEPOutHandler::_available() const
 .text._ZN26DoubleBufferedEPOutHandler7releaseEv
                0x00006670       0x3c C:\Users\micha\AppData\Local\Temp\VMBuilds\FTU_EM~1\mkr1000\Debug/core.a(USBCore.cpp.o)
                0x00006670                DoubleBufferedEPOutHandler::release()
 .text._ZN26DoubleBufferedEPOutHandler14handleEndpointEv
                0x000066ac       0xea C:\Users\micha\AppData\Local\Temp\VMBuilds\FTU_EM~1\mkr1000\Debug/core.a(USBCore.cpp.o)
                0x000066ac                DoubleBufferedEPOutHandler::handleEndpoint()
 .text._ZN26DoubleBufferedEPOutHandler5_recvEv
                0x00006796      0x198 C:\Users\micha\AppData\Local\Temp\VMBuilds\FTU_EM~1\mkr1000\Debug/core.a(USBCore.cpp.o)
                0x00006796                DoubleBufferedEPOutHandler::_recv()
 .text._ZN26DoubleBufferedEPOutHandler4peekEv
                0x0000692e       0x22 C:\Users\micha\AppData\Local\Temp\VMBuilds\FTU_EM~1\mkr1000\Debug/core.a(USBCore.cpp.o)
                0x0000692e                DoubleBufferedEPOutHandler::peek()
 .text._ZN26DoubleBufferedEPOutHandler9availableEv
                0x00006950       0x18 C:\Users\micha\AppData\Local\Temp\VMBuilds\FTU_EM~1\mkr1000\Debug/core.a(USBCore.cpp.o)
                0x00006950                DoubleBufferedEPOutHandler::available()
 .text._ZN26DoubleBufferedEPOutHandler4recvEPvm
                0x00006968       0x72 C:\Users\micha\AppData\Local\Temp\VMBuilds\FTU_EM~1\mkr1000\Debug/core.a(USBCore.cpp.o)
                0x00006968                DoubleBufferedEPOutHandler::recv(void*, unsigned long)
 .text._ZN14USBDeviceClass14SendInterfacesEPm
                0x000069da       0x20 C:\Users\micha\AppData\Local\Temp\VMBuilds\FTU_EM~1\mkr1000\Debug/core.a(USBCore.cpp.o)
                0x000069da                USBDeviceClass::SendInterfaces(unsigned long*)
 *fill*         0x000069fa        0x2 
 .text._ZN14USBDeviceClass4initEv
                0x000069fc      0x144 C:\Users\micha\AppData\Local\Temp\VMBuilds\FTU_EM~1\mkr1000\Debug/core.a(USBCore.cpp.o)
                0x000069fc                USBDeviceClass::init()
 .text._ZN14USBDeviceClass6attachEv
                0x00006b40       0x34 C:\Users\micha\AppData\Local\Temp\VMBuilds\FTU_EM~1\mkr1000\Debug/core.a(USBCore.cpp.o)
                0x00006b40                USBDeviceClass::attach()
 .text._ZN14USBDeviceClass10setAddressEm
                0x00006b74       0x48 C:\Users\micha\AppData\Local\Temp\VMBuilds\FTU_EM~1\mkr1000\Debug/core.a(USBCore.cpp.o)
                0x00006b74                USBDeviceClass::setAddress(unsigned long)
 .text._ZN14USBDeviceClass25handleClassInterfaceSetupER8USBSetup
                0x00006bbc       0x24 C:\Users\micha\AppData\Local\Temp\VMBuilds\FTU_EM~1\mkr1000\Debug/core.a(USBCore.cpp.o)
                0x00006bbc                USBDeviceClass::handleClassInterfaceSetup(USBSetup&)
 .text._ZN14USBDeviceClass6initEPEmm
                0x00006be0      0x120 C:\Users\micha\AppData\Local\Temp\VMBuilds\FTU_EM~1\mkr1000\Debug/core.a(USBCore.cpp.o)
                0x00006be0                USBDeviceClass::initEP(unsigned long, unsigned long)
 .text._ZN14USBDeviceClass13initEndpointsEv
                0x00006d00       0x24 C:\Users\micha\AppData\Local\Temp\VMBuilds\FTU_EM~1\mkr1000\Debug/core.a(USBCore.cpp.o)
                0x00006d00                USBDeviceClass::initEndpoints()
 .text._ZN14USBDeviceClass5clearEm
                0x00006d24       0x38 C:\Users\micha\AppData\Local\Temp\VMBuilds\FTU_EM~1\mkr1000\Debug/core.a(USBCore.cpp.o)
                0x00006d24                USBDeviceClass::clear(unsigned long)
 .text._ZN14USBDeviceClass9availableEm
                0x00006d5c       0x2c C:\Users\micha\AppData\Local\Temp\VMBuilds\FTU_EM~1\mkr1000\Debug/core.a(USBCore.cpp.o)
                0x00006d5c                USBDeviceClass::available(unsigned long)
 .text._ZN14USBDeviceClass5flushEm
                0x00006d88       0x2c C:\Users\micha\AppData\Local\Temp\VMBuilds\FTU_EM~1\mkr1000\Debug/core.a(USBCore.cpp.o)
                0x00006d88                USBDeviceClass::flush(unsigned long)
 .text._ZN14USBDeviceClass4recvEmPvm
                0x00006db4       0xc0 C:\Users\micha\AppData\Local\Temp\VMBuilds\FTU_EM~1\mkr1000\Debug/core.a(USBCore.cpp.o)
                0x00006db4                USBDeviceClass::recv(unsigned long, void*, unsigned long)
 .text._ZN14USBDeviceClass4recvEm
                0x00006e74       0x1c C:\Users\micha\AppData\Local\Temp\VMBuilds\FTU_EM~1\mkr1000\Debug/core.a(USBCore.cpp.o)
                0x00006e74                USBDeviceClass::recv(unsigned long)
 .text._ZN14USBDeviceClass14armRecvCtrlOUTEm
                0x00006e90       0x5c C:\Users\micha\AppData\Local\Temp\VMBuilds\FTU_EM~1\mkr1000\Debug/core.a(USBCore.cpp.o)
                0x00006e90                USBDeviceClass::armRecvCtrlOUT(unsigned long)
 .text._ZN14USBDeviceClass11recvControlEPvm
                0x00006eec       0x28 C:\Users\micha\AppData\Local\Temp\VMBuilds\FTU_EM~1\mkr1000\Debug/core.a(USBCore.cpp.o)
                0x00006eec                USBDeviceClass::recvControl(void*, unsigned long)
 .text._ZN14USBDeviceClass4sendEmPKvm
                0x00006f14      0x10c C:\Users\micha\AppData\Local\Temp\VMBuilds\FTU_EM~1\mkr1000\Debug/core.a(USBCore.cpp.o)
                0x00006f14                USBDeviceClass::send(unsigned long, void const*, unsigned long)
 .text._ZN14USBDeviceClass7armSendEmPKvm
                0x00007020       0x48 C:\Users\micha\AppData\Local\Temp\VMBuilds\FTU_EM~1\mkr1000\Debug/core.a(USBCore.cpp.o)
                0x00007020                USBDeviceClass::armSend(unsigned long, void const*, unsigned long)
 .text._ZN14USBDeviceClass11sendControlEPKvm
                0x00007068       0x54 C:\Users\micha\AppData\Local\Temp\VMBuilds\FTU_EM~1\mkr1000\Debug/core.a(USBCore.cpp.o)
                0x00007068                USBDeviceClass::sendControl(void const*, unsigned long)
 .text._ZN14USBDeviceClass20sendStringDescriptorEPKhm
                0x000070bc       0x64 C:\Users\micha\AppData\Local\Temp\VMBuilds\FTU_EM~1\mkr1000\Debug/core.a(USBCore.cpp.o)
                0x000070bc                USBDeviceClass::sendStringDescriptor(unsigned char const*, unsigned long)
 .text._ZN14USBDeviceClass17sendConfigurationEm
                0x00007120       0x80 C:\Users\micha\AppData\Local\Temp\VMBuilds\FTU_EM~1\mkr1000\Debug/core.a(USBCore.cpp.o)
                0x00007120                USBDeviceClass::sendConfiguration(unsigned long)
 .text._ZN14USBDeviceClass14sendDescriptorER8USBSetup
                0x000071a0       0xe0 C:\Users\micha\AppData\Local\Temp\VMBuilds\FTU_EM~1\mkr1000\Debug/core.a(USBCore.cpp.o)
                0x000071a0                USBDeviceClass::sendDescriptor(USBSetup&)
 .text._ZN14USBDeviceClass7sendZlpEm
                0x00007280       0x18 C:\Users\micha\AppData\Local\Temp\VMBuilds\FTU_EM~1\mkr1000\Debug/core.a(USBCore.cpp.o)
                0x00007280                USBDeviceClass::sendZlp(unsigned long)
 .text._ZN14USBDeviceClass19handleStandardSetupER8USBSetup
                0x00007298       0xf0 C:\Users\micha\AppData\Local\Temp\VMBuilds\FTU_EM~1\mkr1000\Debug/core.a(USBCore.cpp.o)
                0x00007298                USBDeviceClass::handleStandardSetup(USBSetup&)
 .text._ZN14USBDeviceClass10ISRHandlerEv
                0x00007388      0x108 C:\Users\micha\AppData\Local\Temp\VMBuilds\FTU_EM~1\mkr1000\Debug/core.a(USBCore.cpp.o)
                0x00007388                USBDeviceClass::ISRHandler()
 .text.UDD_Handler
                0x00007490       0x10 C:\Users\micha\AppData\Local\Temp\VMBuilds\FTU_EM~1\mkr1000\Debug/core.a(USBCore.cpp.o)
                0x00007490                UDD_Handler
 .text.startup._GLOBAL__sub_I_usbd
                0x000074a0       0x10 C:\Users\micha\AppData\Local\Temp\VMBuilds\FTU_EM~1\mkr1000\Debug/core.a(USBCore.cpp.o)
 .text.ltoa     0x000074b0       0x72 C:\Users\micha\AppData\Local\Temp\VMBuilds\FTU_EM~1\mkr1000\Debug/core.a(itoa.c.o)
                0x000074b0                ltoa
 .text.itoa     0x00007522        0x8 C:\Users\micha\AppData\Local\Temp\VMBuilds\FTU_EM~1\mkr1000\Debug/core.a(itoa.c.o)
                0x00007522                itoa
 .text._Znwj    0x0000752a        0x8 C:\Users\micha\AppData\Local\Temp\VMBuilds\FTU_EM~1\mkr1000\Debug/core.a(new.cpp.o)
                0x0000752a                operator new(unsigned int)
 .text._ZdlPv   0x00007532        0x8 C:\Users\micha\AppData\Local\Temp\VMBuilds\FTU_EM~1\mkr1000\Debug/core.a(new.cpp.o)
                0x00007532                operator delete(void*)
 .text.__aeabi_atexit
                0x0000753a        0xe c:/users/micha/appdata/local/arduin~1/packages/arduino/tools/arm-no~1/7-2017q4/bin/../lib/gcc/arm-none-eabi/7.2.1/../../../../arm-none-eabi/lib/thumb/v6-m\libstdc++_nano.a(atexit_arm.o)
                0x0000753a                __aeabi_atexit
 .text.pow      0x00007548      0x374 c:/users/micha/appdata/local/arduin~1/packages/arduino/tools/arm-no~1/7-2017q4/bin/../lib/gcc/arm-none-eabi/7.2.1/../../../../arm-none-eabi/lib/thumb/v6-m\libm.a(lib_a-w_pow.o)
                0x00007548                pow
 .text.__ieee754_pow
                0x000078bc      0xacc c:/users/micha/appdata/local/arduin~1/packages/arduino/tools/arm-no~1/7-2017q4/bin/../lib/gcc/arm-none-eabi/7.2.1/../../../../arm-none-eabi/lib/thumb/v6-m\libm.a(lib_a-e_pow.o)
                0x000078bc                __ieee754_pow
 .text.__ieee754_sqrt
                0x00008388      0x1b0 c:/users/micha/appdata/local/arduin~1/packages/arduino/tools/arm-no~1/7-2017q4/bin/../lib/gcc/arm-none-eabi/7.2.1/../../../../arm-none-eabi/lib/thumb/v6-m\libm.a(lib_a-e_sqrt.o)
                0x00008388                __ieee754_sqrt
 .text.fabs     0x00008538        0x8 c:/users/micha/appdata/local/arduin~1/packages/arduino/tools/arm-no~1/7-2017q4/bin/../lib/gcc/arm-none-eabi/7.2.1/../../../../arm-none-eabi/lib/thumb/v6-m\libm.a(lib_a-s_fabs.o)
                0x00008538                fabs
 .text.finite   0x00008540       0x14 c:/users/micha/appdata/local/arduin~1/packages/arduino/tools/arm-no~1/7-2017q4/bin/../lib/gcc/arm-none-eabi/7.2.1/../../../../arm-none-eabi/lib/thumb/v6-m\libm.a(lib_a-s_finite.o)
                0x00008540                finite
 .text.matherr  0x00008554        0x4 c:/users/micha/appdata/local/arduin~1/packages/arduino/tools/arm-no~1/7-2017q4/bin/../lib/gcc/arm-none-eabi/7.2.1/../../../../arm-none-eabi/lib/thumb/v6-m\libm.a(lib_a-s_matherr.o)
                0x00008554                matherr
 .text.nan      0x00008558        0xc c:/users/micha/appdata/local/arduin~1/packages/arduino/tools/arm-no~1/7-2017q4/bin/../lib/gcc/arm-none-eabi/7.2.1/../../../../arm-none-eabi/lib/thumb/v6-m\libm.a(lib_a-s_nan.o)
                0x00008558                nan
 .text.rint     0x00008564      0x120 c:/users/micha/appdata/local/arduin~1/packages/arduino/tools/arm-no~1/7-2017q4/bin/../lib/gcc/arm-none-eabi/7.2.1/../../../../arm-none-eabi/lib/thumb/v6-m\libm.a(lib_a-s_rint.o)
                0x00008564                rint
 .text.scalbn   0x00008684       0xd0 c:/users/micha/appdata/local/arduin~1/packages/arduino/tools/arm-no~1/7-2017q4/bin/../lib/gcc/arm-none-eabi/7.2.1/../../../../arm-none-eabi/lib/thumb/v6-m\libm.a(lib_a-s_scalbn.o)
                0x00008684                scalbn
 .text.copysign
                0x00008754       0x10 c:/users/micha/appdata/local/arduin~1/packages/arduino/tools/arm-no~1/7-2017q4/bin/../lib/gcc/arm-none-eabi/7.2.1/../../../../arm-none-eabi/lib/thumb/v6-m\libm.a(lib_a-s_copysign.o)
                0x00008754                copysign
 .text          0x00008764       0x14 c:/users/micha/appdata/local/arduin~1/packages/arduino/tools/arm-no~1/7-2017q4/bin/../lib/gcc/arm-none-eabi/7.2.1/thumb/v6-m\libgcc.a(_thumb1_case_uqi.o)
                0x00008764                __gnu_thumb1_case_uqi
 .text          0x00008778      0x114 c:/users/micha/appdata/local/arduin~1/packages/arduino/tools/arm-no~1/7-2017q4/bin/../lib/gcc/arm-none-eabi/7.2.1/thumb/v6-m\libgcc.a(_udivsi3.o)
                0x00008778                __aeabi_uidiv
                0x00008778                __udivsi3
                0x00008884                __aeabi_uidivmod
 .text          0x0000888c      0x1d4 c:/users/micha/appdata/local/arduin~1/packages/arduino/tools/arm-no~1/7-2017q4/bin/../lib/gcc/arm-none-eabi/7.2.1/thumb/v6-m\libgcc.a(_divsi3.o)
                0x0000888c                __divsi3
                0x0000888c                __aeabi_idiv
                0x00008a58                __aeabi_idivmod
 .text          0x00008a60        0x4 c:/users/micha/appdata/local/arduin~1/packages/arduino/tools/arm-no~1/7-2017q4/bin/../lib/gcc/arm-none-eabi/7.2.1/thumb/v6-m\libgcc.a(_dvmd_tls.o)
                0x00008a60                __aeabi_idiv0
                0x00008a60                __aeabi_ldiv0
 .text          0x00008a64       0x7c c:/users/micha/appdata/local/arduin~1/packages/arduino/tools/arm-no~1/7-2017q4/bin/../lib/gcc/arm-none-eabi/7.2.1/thumb/v6-m\libgcc.a(_arm_cmpdf2.o)
                0x00008a64                __aeabi_cdrcmple
                0x00008a74                __aeabi_cdcmple
                0x00008a74                __aeabi_cdcmpeq
                0x00008a84                __aeabi_dcmpeq
                0x00008a90                __aeabi_dcmplt
                0x00008aa4                __aeabi_dcmple
                0x00008ab8                __aeabi_dcmpgt
                0x00008acc                __aeabi_dcmpge
 .text          0x00008ae0       0x74 c:/users/micha/appdata/local/arduin~1/packages/arduino/tools/arm-no~1/7-2017q4/bin/../lib/gcc/arm-none-eabi/7.2.1/thumb/v6-m\libgcc.a(_arm_cmpsf2.o)
                0x00008ae0                __aeabi_cfrcmple
                0x00008ae8                __aeabi_cfcmpeq
                0x00008ae8                __aeabi_cfcmple
                0x00008af8                __aeabi_fcmpeq
                0x00008b04                __aeabi_fcmplt
                0x00008b18                __aeabi_fcmple
                0x00008b2c                __aeabi_fcmpgt
                0x00008b40                __aeabi_fcmpge
 .text          0x00008b54       0x30 c:/users/micha/appdata/local/arduin~1/packages/arduino/tools/arm-no~1/7-2017q4/bin/../lib/gcc/arm-none-eabi/7.2.1/thumb/v6-m\libgcc.a(_fixunssfsi.o)
                0x00008b54                __fixunssfsi
                0x00008b54                __aeabi_f2uiz
 .text          0x00008b84      0x334 c:/users/micha/appdata/local/arduin~1/packages/arduino/tools/arm-no~1/7-2017q4/bin/../lib/gcc/arm-none-eabi/7.2.1/thumb/v6-m\libgcc.a(addsf3.o)
                0x00008b84                __aeabi_fadd
 .text          0x00008eb8      0x224 c:/users/micha/appdata/local/arduin~1/packages/arduino/tools/arm-no~1/7-2017q4/bin/../lib/gcc/arm-none-eabi/7.2.1/thumb/v6-m\libgcc.a(divsf3.o)
                0x00008eb8                __aeabi_fdiv
 .text          0x000090dc       0x50 c:/users/micha/appdata/local/arduin~1/packages/arduino/tools/arm-no~1/7-2017q4/bin/../lib/gcc/arm-none-eabi/7.2.1/thumb/v6-m\libgcc.a(eqsf2.o)
                0x000090dc                __eqsf2
                0x000090dc                __nesf2
 .text          0x0000912c       0x9c c:/users/micha/appdata/local/arduin~1/packages/arduino/tools/arm-no~1/7-2017q4/bin/../lib/gcc/arm-none-eabi/7.2.1/thumb/v6-m\libgcc.a(gesf2.o)
                0x0000912c                __gesf2
                0x0000912c                __gtsf2
 .text          0x000091c8       0xa0 c:/users/micha/appdata/local/arduin~1/packages/arduino/tools/arm-no~1/7-2017q4/bin/../lib/gcc/arm-none-eabi/7.2.1/thumb/v6-m\libgcc.a(lesf2.o)
                0x000091c8                __ltsf2
                0x000091c8                __lesf2
 .text          0x00009268      0x264 c:/users/micha/appdata/local/arduin~1/packages/arduino/tools/arm-no~1/7-2017q4/bin/../lib/gcc/arm-none-eabi/7.2.1/thumb/v6-m\libgcc.a(mulsf3.o)
                0x00009268                __aeabi_fmul
 .text          0x000094cc      0x388 c:/users/micha/appdata/local/arduin~1/packages/arduino/tools/arm-no~1/7-2017q4/bin/../lib/gcc/arm-none-eabi/7.2.1/thumb/v6-m\libgcc.a(subsf3.o)
                0x000094cc                __aeabi_fsub
 .text          0x00009854       0x40 c:/users/micha/appdata/local/arduin~1/packages/arduino/tools/arm-no~1/7-2017q4/bin/../lib/gcc/arm-none-eabi/7.2.1/thumb/v6-m\libgcc.a(fixsfsi.o)
                0x00009854                __aeabi_f2iz
 .text          0x00009894       0x94 c:/users/micha/appdata/local/arduin~1/packages/arduino/tools/arm-no~1/7-2017q4/bin/../lib/gcc/arm-none-eabi/7.2.1/thumb/v6-m\libgcc.a(floatsisf.o)
                0x00009894                __aeabi_i2f
 .text          0x00009928       0x80 c:/users/micha/appdata/local/arduin~1/packages/arduino/tools/arm-no~1/7-2017q4/bin/../lib/gcc/arm-none-eabi/7.2.1/thumb/v6-m\libgcc.a(floatunsisf.o)
                0x00009928                __aeabi_ui2f
 .text          0x000099a8      0x638 c:/users/micha/appdata/local/arduin~1/packages/arduino/tools/arm-no~1/7-2017q4/bin/../lib/gcc/arm-none-eabi/7.2.1/thumb/v6-m\libgcc.a(adddf3.o)
                0x000099a8                __aeabi_dadd
 .text          0x00009fe0      0x604 c:/users/micha/appdata/local/arduin~1/packages/arduino/tools/arm-no~1/7-2017q4/bin/../lib/gcc/arm-none-eabi/7.2.1/thumb/v6-m\libgcc.a(divdf3.o)
                0x00009fe0                __aeabi_ddiv
 .text          0x0000a5e4       0x78 c:/users/micha/appdata/local/arduin~1/packages/arduino/tools/arm-no~1/7-2017q4/bin/../lib/gcc/arm-none-eabi/7.2.1/thumb/v6-m\libgcc.a(eqdf2.o)
                0x0000a5e4                __nedf2
                0x0000a5e4                __eqdf2
 .text          0x0000a65c       0xc8 c:/users/micha/appdata/local/arduin~1/packages/arduino/tools/arm-no~1/7-2017q4/bin/../lib/gcc/arm-none-eabi/7.2.1/thumb/v6-m\libgcc.a(gedf2.o)
                0x0000a65c                __gedf2
                0x0000a65c                __gtdf2
 .text          0x0000a724       0xd0 c:/users/micha/appdata/local/arduin~1/packages/arduino/tools/arm-no~1/7-2017q4/bin/../lib/gcc/arm-none-eabi/7.2.1/thumb/v6-m\libgcc.a(ledf2.o)
                0x0000a724                __ledf2
                0x0000a724                __ltdf2
 .text          0x0000a7f4      0x4e4 c:/users/micha/appdata/local/arduin~1/packages/arduino/tools/arm-no~1/7-2017q4/bin/../lib/gcc/arm-none-eabi/7.2.1/thumb/v6-m\libgcc.a(muldf3.o)
                0x0000a7f4                __aeabi_dmul
 .text          0x0000acd8      0x690 c:/users/micha/appdata/local/arduin~1/packages/arduino/tools/arm-no~1/7-2017q4/bin/../lib/gcc/arm-none-eabi/7.2.1/thumb/v6-m\libgcc.a(subdf3.o)
                0x0000acd8                __aeabi_dsub
 .text          0x0000b368       0x38 c:/users/micha/appdata/local/arduin~1/packages/arduino/tools/arm-no~1/7-2017q4/bin/../lib/gcc/arm-none-eabi/7.2.1/thumb/v6-m\libgcc.a(unorddf2.o)
                0x0000b368                __aeabi_dcmpun
 .text          0x0000b3a0       0x6c c:/users/micha/appdata/local/arduin~1/packages/arduino/tools/arm-no~1/7-2017q4/bin/../lib/gcc/arm-none-eabi/7.2.1/thumb/v6-m\libgcc.a(fixdfsi.o)
                0x0000b3a0                __aeabi_d2iz
 .text          0x0000b40c       0x74 c:/users/micha/appdata/local/arduin~1/packages/arduino/tools/arm-no~1/7-2017q4/bin/../lib/gcc/arm-none-eabi/7.2.1/thumb/v6-m\libgcc.a(floatsidf.o)
                0x0000b40c                __aeabi_i2d
 .text          0x0000b480       0x64 c:/users/micha/appdata/local/arduin~1/packages/arduino/tools/arm-no~1/7-2017q4/bin/../lib/gcc/arm-none-eabi/7.2.1/thumb/v6-m\libgcc.a(floatunsidf.o)
                0x0000b480                __aeabi_ui2d
 .text          0x0000b4e4       0xa4 c:/users/micha/appdata/local/arduin~1/packages/arduino/tools/arm-no~1/7-2017q4/bin/../lib/gcc/arm-none-eabi/7.2.1/thumb/v6-m\libgcc.a(extendsfdf2.o)
                0x0000b4e4                __aeabi_f2d
 .text          0x0000b588      0x108 c:/users/micha/appdata/local/arduin~1/packages/arduino/tools/arm-no~1/7-2017q4/bin/../lib/gcc/arm-none-eabi/7.2.1/thumb/v6-m\libgcc.a(truncdfsf2.o)
                0x0000b588                __aeabi_d2f
 .text          0x0000b690       0x3c c:/users/micha/appdata/local/arduin~1/packages/arduino/tools/arm-no~1/7-2017q4/bin/../lib/gcc/arm-none-eabi/7.2.1/thumb/v6-m\libgcc.a(_clzsi2.o)
                0x0000b690                __clzsi2
 .text.atoi     0x0000b6cc        0xc c:/users/micha/appdata/local/arduin~1/packages/arduino/tools/arm-no~1/7-2017q4/bin/../lib/gcc/arm-none-eabi/7.2.1/../../../../arm-none-eabi/lib/thumb/v6-m\libc_nano.a(lib_a-atoi.o)
                0x0000b6cc                atoi
 .text.__cxa_atexit
                0x0000b6d8       0x1c c:/users/micha/appdata/local/arduin~1/packages/arduino/tools/arm-no~1/7-2017q4/bin/../lib/gcc/arm-none-eabi/7.2.1/../../../../arm-none-eabi/lib/thumb/v6-m\libc_nano.a(lib_a-cxa_atexit.o)
                0x0000b6d8                __cxa_atexit
 .text.__errno  0x0000b6f4        0xc c:/users/micha/appdata/local/arduin~1/packages/arduino/tools/arm-no~1/7-2017q4/bin/../lib/gcc/arm-none-eabi/7.2.1/../../../../arm-none-eabi/lib/thumb/v6-m\libc_nano.a(lib_a-errno.o)
                0x0000b6f4                __errno
 .text.__libc_init_array
                0x0000b700       0x48 c:/users/micha/appdata/local/arduin~1/packages/arduino/tools/arm-no~1/7-2017q4/bin/../lib/gcc/arm-none-eabi/7.2.1/../../../../arm-none-eabi/lib/thumb/v6-m\libc_nano.a(lib_a-init.o)
                0x0000b700                __libc_init_array
 .text.__locale_ctype_ptr_l
                0x0000b748        0x6 c:/users/micha/appdata/local/arduin~1/packages/arduino/tools/arm-no~1/7-2017q4/bin/../lib/gcc/arm-none-eabi/7.2.1/../../../../arm-none-eabi/lib/thumb/v6-m\libc_nano.a(lib_a-locale.o)
                0x0000b748                __locale_ctype_ptr_l
 *fill*         0x0000b74e        0x2 
 .text.malloc   0x0000b750       0x14 c:/users/micha/appdata/local/arduin~1/packages/arduino/tools/arm-no~1/7-2017q4/bin/../lib/gcc/arm-none-eabi/7.2.1/../../../../arm-none-eabi/lib/thumb/v6-m\libc_nano.a(lib_a-malloc.o)
                0x0000b750                malloc
 .text.free     0x0000b764       0x14 c:/users/micha/appdata/local/arduin~1/packages/arduino/tools/arm-no~1/7-2017q4/bin/../lib/gcc/arm-none-eabi/7.2.1/../../../../arm-none-eabi/lib/thumb/v6-m\libc_nano.a(lib_a-malloc.o)
                0x0000b764                free
 .text.__ascii_mbtowc
                0x0000b778       0x24 c:/users/micha/appdata/local/arduin~1/packages/arduino/tools/arm-no~1/7-2017q4/bin/../lib/gcc/arm-none-eabi/7.2.1/../../../../arm-none-eabi/lib/thumb/v6-m\libc_nano.a(lib_a-mbtowc_r.o)
                0x0000b778                __ascii_mbtowc
 .text.memcpy   0x0000b79c       0x12 c:/users/micha/appdata/local/arduin~1/packages/arduino/tools/arm-no~1/7-2017q4/bin/../lib/gcc/arm-none-eabi/7.2.1/../../../../arm-none-eabi/lib/thumb/v6-m\libc_nano.a(lib_a-memcpy-stub.o)
                0x0000b79c                memcpy
 .text.memset   0x0000b7ae       0x10 c:/users/micha/appdata/local/arduin~1/packages/arduino/tools/arm-no~1/7-2017q4/bin/../lib/gcc/arm-none-eabi/7.2.1/../../../../arm-none-eabi/lib/thumb/v6-m\libc_nano.a(lib_a-memset.o)
                0x0000b7ae                memset
 *fill*         0x0000b7be        0x2 
 .text._free_r  0x0000b7c0       0x94 c:/users/micha/appdata/local/arduin~1/packages/arduino/tools/arm-no~1/7-2017q4/bin/../lib/gcc/arm-none-eabi/7.2.1/../../../../arm-none-eabi/lib/thumb/v6-m\libc_nano.a(lib_a-nano-freer.o)
                0x0000b7c0                _free_r
 .text._malloc_r
                0x0000b854       0xbc c:/users/micha/appdata/local/arduin~1/packages/arduino/tools/arm-no~1/7-2017q4/bin/../lib/gcc/arm-none-eabi/7.2.1/../../../../arm-none-eabi/lib/thumb/v6-m\libc_nano.a(lib_a-nano-mallocr.o)
                0x0000b854                _malloc_r
 .text.realloc  0x0000b910       0x14 c:/users/micha/appdata/local/arduin~1/packages/arduino/tools/arm-no~1/7-2017q4/bin/../lib/gcc/arm-none-eabi/7.2.1/../../../../arm-none-eabi/lib/thumb/v6-m\libc_nano.a(lib_a-realloc.o)
                0x0000b910                realloc